Command line invocation:
    /Applications/Xcode.app/Contents/Developer/usr/bin/xcodebuild build -workspace OpenTalk.xcworkspace -scheme OpenTalk -destination generic/platform=iOS -configuration Debug

2026-02-26 17:59:29.757 xcodebuild[54290:54758489]  DVTDeviceOperation: Encountered a build number "" that is incompatible with DVTBuildVersion.
2026-02-26 17:59:29.824 xcodebuild[54290:54758415] [MT] DVTDeviceOperation: Encountered a build number "" that is incompatible with DVTBuildVersion.
2026-02-26 17:59:29.850 xcodebuild[54290:54758511]  IDEDownloadableMetalToolchainCoordinator: Failed to remount the Metal Toolchain: The file “com.apple.MobileAsset.MetalToolchain-v17.3.48.0.w7gZpY” couldn’t be opened because you don’t have permission to view it.
Resolve Package Graph


Resolved source packages:
  swift-http-types: https://github.com/apple/swift-http-types.git @ 1.5.1
  swift-concurrency-extras: https://github.com/pointfreeco/swift-concurrency-extras @ 1.3.2
  swift-asn1: https://github.com/apple/swift-asn1.git @ 1.5.1
  swift-clocks: https://github.com/pointfreeco/swift-clocks @ 1.0.6
  xctest-dynamic-overlay: https://github.com/pointfreeco/xctest-dynamic-overlay @ 1.9.0
  Supabase: https://github.com/supabase/supabase-swift.git @ 2.41.1
  swift-crypto: https://github.com/apple/swift-crypto.git @ 4.2.0

2026-02-26 17:59:30.355 xcodebuild[54290:54758415] [MT] IDERunDestination: Supported platforms for the buildables in the current scheme is empty.
ComputePackagePrebuildTargetDependencyGraph

Prepare packages

CreateBuildRequest

SendProjectDescription

CreateBuildOperation

ComputeTargetDependencyGraph
note: Building targets in dependency order
note: Target dependency graph (27 targets)
    Target 'OpenTalk' in project 'OpenTalk'
        ➜ Implicit dependency on target 'Pods-OpenTalk' in project 'Pods' via file 'Pods_OpenTalk.framework' in build phase 'Link Binary'
        ➜ Implicit dependency on target 'OpenLive2D' in project 'Pods' via options '-framework OpenLive2D' in build setting 'OTHER_LDFLAGS'
        ➜ Implicit dependency on target 'SSZipArchive' in project 'Pods' via options '-framework SSZipArchive' in build setting 'OTHER_LDFLAGS'
        ➜ Explicit dependency on target 'Supabase' in project 'Supabase'
    Target 'Supabase' in project 'Supabase'
        ➜ Explicit dependency on target 'Supabase' in project 'Supabase'
        ➜ Explicit dependency on target 'Functions' in project 'Supabase'
        ➜ Explicit dependency on target 'PostgREST' in project 'Supabase'
        ➜ Explicit dependency on target 'Auth' in project 'Supabase'
        ➜ Explicit dependency on target 'Realtime' in project 'Supabase'
        ➜ Explicit dependency on target 'Storage' in project 'Supabase'
        ➜ Explicit dependency on target 'Helpers' in project 'Supabase'
        ➜ Explicit dependency on target 'ConcurrencyExtras' in project 'swift-concurrency-extras'
        ➜ Explicit dependency on target 'HTTPTypes' in project 'swift-http-types'
        ➜ Explicit dependency on target 'Clocks' in project 'swift-clocks'
        ➜ Explicit dependency on target 'XCTestDynamicOverlay' in project 'xctest-dynamic-overlay'
        ➜ Explicit dependency on target 'Crypto' in project 'swift-crypto'
        ➜ Explicit dependency on target 'IssueReporting' in project 'xctest-dynamic-overlay'
    Target 'Supabase' in project 'Supabase'
        ➜ Explicit dependency on target 'Helpers' in project 'Supabase'
        ➜ Explicit dependency on target 'Auth' in project 'Supabase'
        ➜ Explicit dependency on target 'Functions' in project 'Supabase'
        ➜ Explicit dependency on target 'PostgREST' in project 'Supabase'
        ➜ Explicit dependency on target 'Realtime' in project 'Supabase'
        ➜ Explicit dependency on target 'Storage' in project 'Supabase'
        ➜ Explicit dependency on target 'ConcurrencyExtras' in project 'swift-concurrency-extras'
        ➜ Explicit dependency on target 'HTTPTypes' in project 'swift-http-types'
        ➜ Explicit dependency on target 'Clocks' in project 'swift-clocks'
        ➜ Explicit dependency on target 'XCTestDynamicOverlay' in project 'xctest-dynamic-overlay'
        ➜ Explicit dependency on target 'Crypto' in project 'swift-crypto'
        ➜ Explicit dependency on target 'IssueReporting' in project 'xctest-dynamic-overlay'
    Target 'Storage' in project 'Supabase'
        ➜ Explicit dependency on target 'Helpers' in project 'Supabase'
        ➜ Explicit dependency on target 'ConcurrencyExtras' in project 'swift-concurrency-extras'
        ➜ Explicit dependency on target 'HTTPTypes' in project 'swift-http-types'
        ➜ Explicit dependency on target 'Clocks' in project 'swift-clocks'
        ➜ Explicit dependency on target 'XCTestDynamicOverlay' in project 'xctest-dynamic-overlay'
    Target 'Realtime' in project 'Supabase'
        ➜ Explicit dependency on target 'Helpers' in project 'Supabase'
        ➜ Explicit dependency on target 'ConcurrencyExtras' in project 'swift-concurrency-extras'
        ➜ Explicit dependency on target 'HTTPTypes' in project 'swift-http-types'
        ➜ Explicit dependency on target 'Clocks' in project 'swift-clocks'
        ➜ Explicit dependency on target 'XCTestDynamicOverlay' in project 'xctest-dynamic-overlay'
        ➜ Explicit dependency on target 'IssueReporting' in project 'xctest-dynamic-overlay'
    Target 'PostgREST' in project 'Supabase'
        ➜ Explicit dependency on target 'Helpers' in project 'Supabase'
        ➜ Explicit dependency on target 'ConcurrencyExtras' in project 'swift-concurrency-extras'
        ➜ Explicit dependency on target 'HTTPTypes' in project 'swift-http-types'
        ➜ Explicit dependency on target 'Clocks' in project 'swift-clocks'
        ➜ Explicit dependency on target 'XCTestDynamicOverlay' in project 'xctest-dynamic-overlay'
    Target 'Functions' in project 'Supabase'
        ➜ Explicit dependency on target 'Helpers' in project 'Supabase'
        ➜ Explicit dependency on target 'ConcurrencyExtras' in project 'swift-concurrency-extras'
        ➜ Explicit dependency on target 'HTTPTypes' in project 'swift-http-types'
        ➜ Explicit dependency on target 'Clocks' in project 'swift-clocks'
        ➜ Explicit dependency on target 'XCTestDynamicOverlay' in project 'xctest-dynamic-overlay'
    Target 'Auth' in project 'Supabase'
        ➜ Explicit dependency on target 'Helpers' in project 'Supabase'
        ➜ Explicit dependency on target 'ConcurrencyExtras' in project 'swift-concurrency-extras'
        ➜ Explicit dependency on target 'HTTPTypes' in project 'swift-http-types'
        ➜ Explicit dependency on target 'Clocks' in project 'swift-clocks'
        ➜ Explicit dependency on target 'XCTestDynamicOverlay' in project 'xctest-dynamic-overlay'
        ➜ Explicit dependency on target 'Crypto' in project 'swift-crypto'
    Target 'Crypto' in project 'swift-crypto'
        ➜ Explicit dependency on target 'Crypto' in project 'swift-crypto'
        ➜ Explicit dependency on target 'swift-crypto_Crypto' in project 'swift-crypto'
    Target 'Crypto' in project 'swift-crypto'
        ➜ Explicit dependency on target 'swift-crypto_Crypto' in project 'swift-crypto'
    Target 'swift-crypto_Crypto' in project 'swift-crypto' (no dependencies)
    Target 'Helpers' in project 'Supabase'
        ➜ Explicit dependency on target 'ConcurrencyExtras' in project 'swift-concurrency-extras'
        ➜ Explicit dependency on target 'HTTPTypes' in project 'swift-http-types'
        ➜ Explicit dependency on target 'Clocks' in project 'swift-clocks'
        ➜ Explicit dependency on target 'XCTestDynamicOverlay' in project 'xctest-dynamic-overlay'
    Target 'XCTestDynamicOverlay' in project 'xctest-dynamic-overlay'
        ➜ Explicit dependency on target 'XCTestDynamicOverlay' in project 'xctest-dynamic-overlay'
        ➜ Explicit dependency on target 'IssueReportingPackageSupport' in project 'xctest-dynamic-overlay'
        ➜ Explicit dependency on target 'IssueReporting' in project 'xctest-dynamic-overlay'
    Target 'XCTestDynamicOverlay' in project 'xctest-dynamic-overlay'
        ➜ Explicit dependency on target 'IssueReportingPackageSupport' in project 'xctest-dynamic-overlay'
        ➜ Explicit dependency on target 'IssueReporting' in project 'xctest-dynamic-overlay'
    Target 'Clocks' in project 'swift-clocks'
        ➜ Explicit dependency on target 'Clocks' in project 'swift-clocks'
        ➜ Explicit dependency on target 'ConcurrencyExtras' in project 'swift-concurrency-extras'
        ➜ Explicit dependency on target 'IssueReporting' in project 'xctest-dynamic-overlay'
    Target 'Clocks' in project 'swift-clocks'
        ➜ Explicit dependency on target 'ConcurrencyExtras' in project 'swift-concurrency-extras'
        ➜ Explicit dependency on target 'IssueReporting' in project 'xctest-dynamic-overlay'
    Target 'IssueReporting' in project 'xctest-dynamic-overlay'
        ➜ Explicit dependency on target 'IssueReporting' in project 'xctest-dynamic-overlay'
        ➜ Explicit dependency on target 'IssueReportingPackageSupport' in project 'xctest-dynamic-overlay'
    Target 'IssueReporting' in project 'xctest-dynamic-overlay'
        ➜ Explicit dependency on target 'IssueReportingPackageSupport' in project 'xctest-dynamic-overlay'
    Target 'IssueReportingPackageSupport' in project 'xctest-dynamic-overlay' (no dependencies)
    Target 'HTTPTypes' in project 'swift-http-types'
        ➜ Explicit dependency on target 'HTTPTypes' in project 'swift-http-types'
    Target 'HTTPTypes' in project 'swift-http-types' (no dependencies)
    Target 'ConcurrencyExtras' in project 'swift-concurrency-extras'
        ➜ Explicit dependency on target 'ConcurrencyExtras' in project 'swift-concurrency-extras'
    Target 'ConcurrencyExtras' in project 'swift-concurrency-extras' (no dependencies)
    Target 'Pods-OpenTalk' in project 'Pods'
        ➜ Explicit dependency on target 'OpenLive2D' in project 'Pods'
        ➜ Explicit dependency on target 'SSZipArchive' in project 'Pods'
    Target 'SSZipArchive' in project 'Pods'
        ➜ Explicit dependency on target 'SSZipArchive-SSZipArchive' in project 'Pods'
    Target 'SSZipArchive-SSZipArchive' in project 'Pods' (no dependencies)
    Target 'OpenLive2D' in project 'Pods' (no dependencies)

GatherProvisioningInputs

CreateBuildDescription

ExecuteExternalTool /Applications/Xcode.app/Contents/Developer/Toolchains/XcodeDefault.xctoolchain/usr/bin/clang -v -E -dM -isysroot /Applications/Xcode.app/Contents/Developer/Platforms/iPhoneOS.platform/Developer/SDKs/iPhoneOS26.2.sdk -x c -c /dev/null

ExecuteExternalTool /Applications/Xcode.app/Contents/Developer/Toolchains/XcodeDefault.xctoolchain/usr/bin/clang -v -E -dM -arch arm64 -isysroot /Applications/Xcode.app/Contents/Developer/Platforms/iPhoneOS.platform/Developer/SDKs/iPhoneOS26.2.sdk -x c -c /dev/null

ExecuteExternalTool /Applications/Xcode.app/Contents/Developer/Toolchains/XcodeDefault.xctoolchain/usr/bin/swiftc --version

ExecuteExternalTool /Applications/Xcode.app/Contents/Developer/usr/bin/ibtool --version --output-format xml1

ExecuteExternalTool /Applications/Xcode.app/Contents/Developer/usr/bin/actool --print-asset-tag-combinations --output-format xml1 /Users/modi/Documents/数据迁移/xcode/Project/MainApp/mojikaiwa-ios/MojiTalk/OpenTalk/Assets.xcassets

ExecuteExternalTool /Applications/Xcode.app/Contents/Developer/usr/bin/actool --version --output-format xml1

ExecuteExternalTool /Applications/Xcode.app/Contents/Developer/usr/bin/xcstringstool compile --dry-run --output-directory /Users/modi/Library/Developer/Xcode/DerivedData/OpenTalk-cbvlrkaevdacrgbrvxdynhiruvtl/Build/Intermediates.noindex/OpenTalk.build/Debug-iphoneos/OpenTalk.build /Users/modi/Documents/数据迁移/xcode/Project/MainApp/mojikaiwa-ios/MojiTalk/OpenTalk/Resources/Localizable.xcstrings

ExecuteExternalTool /Applications/Xcode.app/Contents/Developer/Toolchains/XcodeDefault.xctoolchain/usr/bin/ld -version_details

ExecuteExternalTool /Applications/Xcode.app/Contents/Developer/Toolchains/XcodeDefault.xctoolchain/usr/bin/clang -v -E -dM -arch arm64 -isysroot /Applications/Xcode.app/Contents/Developer/Platforms/iPhoneOS.platform/Developer/SDKs/iPhoneOS26.2.sdk -x objective-c -c /dev/null

ExecuteExternalTool /Applications/Xcode.app/Contents/Developer/Toolchains/XcodeDefault.xctoolchain/usr/bin/clang -v -E -dM -arch arm64 -isysroot /Applications/Xcode.app/Contents/Developer/Platforms/iPhoneOS.platform/Developer/SDKs/iPhoneOS26.2.sdk -x c++ -c /dev/null

ExecuteExternalTool /Applications/Xcode.app/Contents/Developer/Toolchains/XcodeDefault.xctoolchain/usr/bin/libtool -V

ExecuteExternalTool /Applications/Xcode.app/Contents/Developer/Toolchains/XcodeDefault.xctoolchain/usr/bin/clang -v -E -dM -arch arm64 -isysroot /Applications/Xcode.app/Contents/Developer/Platforms/iPhoneOS.platform/Developer/SDKs/iPhoneOS26.2.sdk -x objective-c++ -c /dev/null

ReadFileContents /Applications/Xcode.app/Contents/Developer/Toolchains/XcodeDefault.xctoolchain/usr/share/docc/features.json

Build description signature: 6bafd5827920151cca6e5b38ed047237
Build description path: /Users/modi/Library/Developer/Xcode/DerivedData/OpenTalk-cbvlrkaevdacrgbrvxdynhiruvtl/Build/Intermediates.noindex/XCBuildData/6bafd5827920151cca6e5b38ed047237.xcbuilddata
ClangStatCache /Applications/Xcode.app/Contents/Developer/Toolchains/XcodeDefault.xctoolchain/usr/bin/clang-stat-cache /Applications/Xcode.app/Contents/Developer/Platforms/iPhoneOS.platform/Developer/SDKs/iPhoneOS26.2.sdk /Users/modi/Library/Developer/Xcode/DerivedData/SDKStatCaches.noindex/iphoneos26.2-23C53-3794476bd08197c3e2abd9bb477ef7f7.sdkstatcache
    cd /Users/modi/Documents/数据迁移/xcode/Project/MainApp/mojikaiwa-ios/MojiTalk
    /Applications/Xcode.app/Contents/Developer/Toolchains/XcodeDefault.xctoolchain/usr/bin/clang-stat-cache /Applications/Xcode.app/Contents/Developer/Platforms/iPhoneOS.platform/Developer/SDKs/iPhoneOS26.2.sdk -o /Users/modi/Library/Developer/Xcode/DerivedData/SDKStatCaches.noindex/iphoneos26.2-23C53-3794476bd08197c3e2abd9bb477ef7f7.sdkstatcache

ProcessInfoPlistFile /Users/modi/Library/Developer/Xcode/DerivedData/OpenTalk-cbvlrkaevdacrgbrvxdynhiruvtl/Build/Products/Debug-iphoneos/SSZipArchive/SSZipArchive.bundle/Info.plist /Users/modi/Documents/数据迁移/xcode/Project/MainApp/mojikaiwa-ios/MojiTalk/Pods/Target\ Support\ Files/SSZipArchive/ResourceBundle-SSZipArchive-SSZipArchive-Info.plist (in target 'SSZipArchive-SSZipArchive' from project 'Pods')
    cd /Users/modi/Documents/数据迁移/xcode/Project/MainApp/mojikaiwa-ios/MojiTalk/Pods
    builtin-infoPlistUtility /Users/modi/Documents/数据迁移/xcode/Project/MainApp/mojikaiwa-ios/MojiTalk/Pods/Target\ Support\ Files/SSZipArchive/ResourceBundle-SSZipArchive-SSZipArchive-Info.plist -producttype com.apple.product-type.bundle -expandbuildsettings -format binary -platform iphoneos -requiredArchitecture arm64 -o /Users/modi/Library/Developer/Xcode/DerivedData/OpenTalk-cbvlrkaevdacrgbrvxdynhiruvtl/Build/Products/Debug-iphoneos/SSZipArchive/SSZipArchive.bundle/Info.plist

ProcessInfoPlistFile /Users/modi/Library/Developer/Xcode/DerivedData/OpenTalk-cbvlrkaevdacrgbrvxdynhiruvtl/Build/Products/Debug-iphoneos/OpenLive2D/OpenLive2D.framework/Info.plist /Users/modi/Documents/数据迁移/xcode/Project/MainApp/mojikaiwa-ios/MojiTalk/Pods/Target\ Support\ Files/OpenLive2D/OpenLive2D-Info.plist (in target 'OpenLive2D' from project 'Pods')
    cd /Users/modi/Documents/数据迁移/xcode/Project/MainApp/mojikaiwa-ios/MojiTalk/Pods
    builtin-infoPlistUtility /Users/modi/Documents/数据迁移/xcode/Project/MainApp/mojikaiwa-ios/MojiTalk/Pods/Target\ Support\ Files/OpenLive2D/OpenLive2D-Info.plist -producttype com.apple.product-type.framework -expandbuildsettings -format binary -platform iphoneos -requiredArchitecture arm64 -o /Users/modi/Library/Developer/Xcode/DerivedData/OpenTalk-cbvlrkaevdacrgbrvxdynhiruvtl/Build/Products/Debug-iphoneos/OpenLive2D/OpenLive2D.framework/Info.plist

ProcessInfoPlistFile /Users/modi/Library/Developer/Xcode/DerivedData/OpenTalk-cbvlrkaevdacrgbrvxdynhiruvtl/Build/Products/Debug-iphoneos/swift-crypto_Crypto.bundle/Info.plist /Users/modi/Library/Developer/Xcode/DerivedData/OpenTalk-cbvlrkaevdacrgbrvxdynhiruvtl/Build/Intermediates.noindex/swift-crypto.build/Debug-iphoneos/swift-crypto_Crypto.build/empty-swift-crypto_Crypto.plist (in target 'swift-crypto_Crypto' from project 'swift-crypto')
    cd /Users/modi/Library/Developer/Xcode/DerivedData/OpenTalk-cbvlrkaevdacrgbrvxdynhiruvtl/SourcePackages/checkouts/swift-crypto
    builtin-infoPlistUtility /Users/modi/Library/Developer/Xcode/DerivedData/OpenTalk-cbvlrkaevdacrgbrvxdynhiruvtl/Build/Intermediates.noindex/swift-crypto.build/Debug-iphoneos/swift-crypto_Crypto.build/empty-swift-crypto_Crypto.plist -producttype com.apple.product-type.bundle -expandbuildsettings -format binary -platform iphoneos -requiredArchitecture arm64 -o /Users/modi/Library/Developer/Xcode/DerivedData/OpenTalk-cbvlrkaevdacrgbrvxdynhiruvtl/Build/Products/Debug-iphoneos/swift-crypto_Crypto.bundle/Info.plist

ProcessInfoPlistFile /Users/modi/Library/Developer/Xcode/DerivedData/OpenTalk-cbvlrkaevdacrgbrvxdynhiruvtl/Build/Products/Debug-iphoneos/SSZipArchive/SSZipArchive.framework/Info.plist /Users/modi/Documents/数据迁移/xcode/Project/MainApp/mojikaiwa-ios/MojiTalk/Pods/Target\ Support\ Files/SSZipArchive/SSZipArchive-Info.plist (in target 'SSZipArchive' from project 'Pods')
    cd /Users/modi/Documents/数据迁移/xcode/Project/MainApp/mojikaiwa-ios/MojiTalk/Pods
    builtin-infoPlistUtility /Users/modi/Documents/数据迁移/xcode/Project/MainApp/mojikaiwa-ios/MojiTalk/Pods/Target\ Support\ Files/SSZipArchive/SSZipArchive-Info.plist -producttype com.apple.product-type.framework -expandbuildsettings -format binary -platform iphoneos -requiredArchitecture arm64 -o /Users/modi/Library/Developer/Xcode/DerivedData/OpenTalk-cbvlrkaevdacrgbrvxdynhiruvtl/Build/Products/Debug-iphoneos/SSZipArchive/SSZipArchive.framework/Info.plist

PhaseScriptExecution Create\ Symlinks\ to\ Header\ Folders /Users/modi/Library/Developer/Xcode/DerivedData/OpenTalk-cbvlrkaevdacrgbrvxdynhiruvtl/Build/Intermediates.noindex/Pods.build/Debug-iphoneos/OpenLive2D.build/Script-A6273F313CB9264117A99EA760DE921F.sh (in target 'OpenLive2D' from project 'Pods')
    cd /Users/modi/Documents/数据迁移/xcode/Project/MainApp/mojikaiwa-ios/MojiTalk/Pods
    export ACTION\=build
    export AD_HOC_CODE_SIGNING_ALLOWED\=NO
    export ALLOW_BUILD_REQUEST_OVERRIDES\=NO
    export ALLOW_TARGET_PLATFORM_SPECIALIZATION\=NO
    export ALTERNATE_GROUP\=staff
    export ALTERNATE_MODE\=u+w,go-w,a+rX
    export ALTERNATE_OWNER\=modi
    export ALTERNATIVE_DISTRIBUTION_WEB\=NO
    export ALWAYS_EMBED_SWIFT_STANDARD_LIBRARIES\=NO
    export ALWAYS_SEARCH_USER_PATHS\=YES
    export ALWAYS_USE_SEPARATE_HEADERMAPS\=NO
    export APPLICATION_EXTENSION_API_ONLY\=NO
    export APPLY_RULES_IN_COPY_FILES\=NO
    export APPLY_RULES_IN_COPY_HEADERS\=NO
    export APP_SHORTCUTS_ENABLE_FLEXIBLE_MATCHING\=YES
    export ARCHS\=arm64
    export ARCHS_STANDARD\=arm64
    export ARCHS_STANDARD_32_64_BIT\=armv7\ arm64
    export ARCHS_STANDARD_32_BIT\=armv7
    export ARCHS_STANDARD_64_BIT\=arm64
    export ARCHS_STANDARD_INCLUDING_64_BIT\=arm64
    export ARCHS_UNIVERSAL_IPHONE_OS\=armv7\ arm64
    export AUTOMATICALLY_MERGE_DEPENDENCIES\=NO
    export AUTOMATION_APPLE_EVENTS\=NO
    export AVAILABLE_PLATFORMS\=android\ appletvos\ appletvsimulator\ driverkit\ iphoneos\ iphonesimulator\ macosx\ qnx\ watchos\ watchsimulator\ webassembly\ xros\ xrsimulator
    export BUILD_ACTIVE_RESOURCES_ONLY\=NO
    export BUILD_COMPONENTS\=headers\ build
    export BUILD_DIR\=/Users/modi/Library/Developer/Xcode/DerivedData/OpenTalk-cbvlrkaevdacrgbrvxdynhiruvtl/Build/Products
    export BUILD_LIBRARY_FOR_DISTRIBUTION\=NO
    export BUILD_ROOT\=/Users/modi/Library/Developer/Xcode/DerivedData/OpenTalk-cbvlrkaevdacrgbrvxdynhiruvtl/Build/Products
    export BUILD_STYLE\=
    export BUILD_VARIANTS\=normal
    export BUILT_PRODUCTS_DIR\=/Users/modi/Library/Developer/Xcode/DerivedData/OpenTalk-cbvlrkaevdacrgbrvxdynhiruvtl/Build/Products/Debug-iphoneos/OpenLive2D
    export BUNDLE_CONTENTS_FOLDER_PATH_deep\=Contents/
    export BUNDLE_EXECUTABLE_FOLDER_NAME_deep\=MacOS
    export BUNDLE_EXTENSIONS_FOLDER_PATH\=Extensions
    export BUNDLE_FORMAT\=shallow
    export BUNDLE_FRAMEWORKS_FOLDER_PATH\=Frameworks
    export BUNDLE_PLUGINS_FOLDER_PATH\=PlugIns
    export BUNDLE_PRIVATE_HEADERS_FOLDER_PATH\=PrivateHeaders
    export BUNDLE_PUBLIC_HEADERS_FOLDER_PATH\=Headers
    export CACHE_ROOT\=/var/folders/gx/g1b9c9_96wj0s397q078symw0000gn/C/com.apple.DeveloperTools/26.2-17C52/Xcode
    export CCHROOT\=/var/folders/gx/g1b9c9_96wj0s397q078symw0000gn/C/com.apple.DeveloperTools/26.2-17C52/Xcode
    export CHMOD\=/bin/chmod
    export CHOWN\=/usr/sbin/chown
    export CLANG_ANALYZER_LOCALIZABILITY_NONLOCALIZED\=YES
    export CLANG_ANALYZER_NONNULL\=YES
    export CLANG_ANALYZER_NUMBER_OBJECT_CONVERSION\=YES_AGGRESSIVE
    export CLANG_CACHE_FINE_GRAINED_OUTPUTS\=YES
    export CLANG_CXX_LANGUAGE_STANDARD\=c++14
    export CLANG_CXX_LIBRARY\=libc++
    export CLANG_ENABLE_EXPLICIT_MODULES\=YES
    export CLANG_ENABLE_MODULES\=YES
    export CLANG_ENABLE_OBJC_ARC\=YES
    export CLANG_ENABLE_OBJC_WEAK\=NO
    export CLANG_MODULES_BUILD_SESSION_FILE\=/Users/modi/Library/Developer/Xcode/DerivedData/ModuleCache.noindex/Session.modulevalidation
    export CLANG_WARN_BLOCK_CAPTURE_AUTORELEASING\=YES
    export CLANG_WARN_BOOL_CONVERSION\=YES
    export CLANG_WARN_COMMA\=YES
    export CLANG_WARN_CONSTANT_CONVERSION\=YES
    export CLANG_WARN_DEPRECATED_OBJC_IMPLEMENTATIONS\=YES
    export CLANG_WARN_DIRECT_OBJC_ISA_USAGE\=YES_ERROR
    export CLANG_WARN_DOCUMENTATION_COMMENTS\=YES
    export CLANG_WARN_EMPTY_BODY\=YES
    export CLANG_WARN_ENUM_CONVERSION\=YES
    export CLANG_WARN_INFINITE_RECURSION\=YES
    export CLANG_WARN_INT_CONVERSION\=YES
    export CLANG_WARN_NON_LITERAL_NULL_CONVERSION\=YES
    export CLANG_WARN_OBJC_IMPLICIT_RETAIN_SELF\=YES
    export CLANG_WARN_OBJC_LITERAL_CONVERSION\=YES
    export CLANG_WARN_OBJC_ROOT_CLASS\=YES_ERROR
    export CLANG_WARN_QUOTED_INCLUDE_IN_FRAMEWORK_HEADER\=NO
    export CLANG_WARN_RANGE_LOOP_ANALYSIS\=YES
    export CLANG_WARN_STRICT_PROTOTYPES\=YES
    export CLANG_WARN_SUSPICIOUS_MOVE\=YES
    export CLANG_WARN_UNGUARDED_AVAILABILITY\=YES_AGGRESSIVE
    export CLANG_WARN_UNREACHABLE_CODE\=YES
    export CLANG_WARN__DUPLICATE_METHOD_MATCH\=YES
    export CLASS_FILE_DIR\=/Users/modi/Library/Developer/Xcode/DerivedData/OpenTalk-cbvlrkaevdacrgbrvxdynhiruvtl/Build/Intermediates.noindex/Pods.build/Debug-iphoneos/OpenLive2D.build/JavaClasses
    export CLEAN_PRECOMPS\=YES
    export CLONE_HEADERS\=NO
    export CODESIGNING_FOLDER_PATH\=/Users/modi/Library/Developer/Xcode/DerivedData/OpenTalk-cbvlrkaevdacrgbrvxdynhiruvtl/Build/Products/Debug-iphoneos/OpenLive2D/OpenLive2D.framework
    export CODE_SIGNING_ALLOWED\=YES
    export CODE_SIGNING_REQUIRED\=NO
    export CODE_SIGNING_REQUIRES_TEAM\=YES
    export CODE_SIGN_CONTEXT_CLASS\=XCiPhoneOSCodeSignContext
    export CODE_SIGN_INJECT_BASE_ENTITLEMENTS\=YES
    export COLOR_DIAGNOSTICS\=NO
    export COMBINE_HIDPI_IMAGES\=NO
    export COMPILATION_CACHE_CAS_PATH\=/Users/modi/Library/Developer/Xcode/DerivedData/CompilationCache.noindex
    export COMPILATION_CACHE_KEEP_CAS_DIRECTORY\=YES
    export COMPILER_INDEX_STORE_ENABLE\=Default
    export COMPOSITE_SDK_DIRS\=/Users/modi/Library/Developer/Xcode/DerivedData/OpenTalk-cbvlrkaevdacrgbrvxdynhiruvtl/Build/Intermediates.noindex/CompositeSDKs
    export COMPRESS_PNG_FILES\=YES
    export CONFIGURATION\=Debug
    export CONFIGURATION_BUILD_DIR\=/Users/modi/Library/Developer/Xcode/DerivedData/OpenTalk-cbvlrkaevdacrgbrvxdynhiruvtl/Build/Products/Debug-iphoneos/OpenLive2D
    export CONFIGURATION_TEMP_DIR\=/Users/modi/Library/Developer/Xcode/DerivedData/OpenTalk-cbvlrkaevdacrgbrvxdynhiruvtl/Build/Intermediates.noindex/Pods.build/Debug-iphoneos
    export CONTENTS_FOLDER_PATH\=OpenLive2D.framework
    export CONTENTS_FOLDER_PATH_SHALLOW_BUNDLE_NO\=OpenLive2D.framework/A
    export CONTENTS_FOLDER_PATH_SHALLOW_BUNDLE_YES\=OpenLive2D.framework
    export COPYING_PRESERVES_HFS_DATA\=NO
    export COPY_HEADERS_RUN_UNIFDEF\=NO
    export COPY_PHASE_STRIP\=NO
    export CORRESPONDING_SIMULATOR_PLATFORM_DIR\=/Applications/Xcode.app/Contents/Developer/Platforms/iPhoneSimulator.platform
    export CORRESPONDING_SIMULATOR_PLATFORM_NAME\=iphonesimulator
    export CORRESPONDING_SIMULATOR_SDK_DIR\=/Applications/Xcode.app/Contents/Developer/Platforms/iPhoneSimulator.platform/Developer/SDKs/iPhoneSimulator26.2.sdk
    export CORRESPONDING_SIMULATOR_SDK_NAME\=iphonesimulator26.2
    export CP\=/bin/cp
    export CREATE_INFOPLIST_SECTION_IN_BINARY\=NO
    export CURRENT_ARCH\=undefined_arch
    export CURRENT_PROJECT_VERSION\=1
    export CURRENT_VARIANT\=normal
    export CURRENT_VERSION\=Current
    export DEAD_CODE_STRIPPING\=YES
    export DEBUGGING_SYMBOLS\=YES
    export DEBUG_INFORMATION_FORMAT\=dwarf
    export DEBUG_INFORMATION_VERSION\=compiler-default
    export DEFAULT_COMPILER\=com.apple.compilers.llvm.clang.1_0
    export DEFAULT_DEXT_INSTALL_PATH\=/System/Library/DriverExtensions
    export DEFAULT_KEXT_INSTALL_PATH\=/System/Library/Extensions
    export DEFINES_MODULE\=YES
    export DEPLOYMENT_LOCATION\=NO
    export DEPLOYMENT_POSTPROCESSING\=NO
    export DEPLOYMENT_TARGET_SETTING_NAME\=IPHONEOS_DEPLOYMENT_TARGET
    export DEPLOYMENT_TARGET_SUGGESTED_VALUES\=12.0\ 12.1\ 12.2\ 12.3\ 12.4\ 13.0\ 13.1\ 13.2\ 13.3\ 13.4\ 13.5\ 13.6\ 14.0\ 14.1\ 14.2\ 14.3\ 14.4\ 14.5\ 14.6\ 14.7\ 15.0\ 15.1\ 15.2\ 15.3\ 15.4\ 15.5\ 15.6\ 16.0\ 16.1\ 16.2\ 16.3\ 16.4\ 16.5\ 16.6\ 17.0\ 17.1\ 17.2\ 17.3\ 17.4\ 17.5\ 17.6\ 18.0\ 18.1\ 18.2\ 18.3\ 18.4\ 18.5\ 18.6\ 26.0\ 26.1\ 26.2
    export DERIVED_FILES_DIR\=/Users/modi/Library/Developer/Xcode/DerivedData/OpenTalk-cbvlrkaevdacrgbrvxdynhiruvtl/Build/Intermediates.noindex/Pods.build/Debug-iphoneos/OpenLive2D.build/DerivedSources
    export DERIVED_FILE_DIR\=/Users/modi/Library/Developer/Xcode/DerivedData/OpenTalk-cbvlrkaevdacrgbrvxdynhiruvtl/Build/Intermediates.noindex/Pods.build/Debug-iphoneos/OpenLive2D.build/DerivedSources
    export DERIVED_SOURCES_DIR\=/Users/modi/Library/Developer/Xcode/DerivedData/OpenTalk-cbvlrkaevdacrgbrvxdynhiruvtl/Build/Intermediates.noindex/Pods.build/Debug-iphoneos/OpenLive2D.build/DerivedSources
    export DERIVE_MACCATALYST_PRODUCT_BUNDLE_IDENTIFIER\=NO
    export DEVELOPER_APPLICATIONS_DIR\=/Applications/Xcode.app/Contents/Developer/Applications
    export DEVELOPER_BIN_DIR\=/Applications/Xcode.app/Contents/Developer/usr/bin
    export DEVELOPER_DIR\=/Applications/Xcode.app/Contents/Developer
    export DEVELOPER_FRAMEWORKS_DIR\=/Applications/Xcode.app/Contents/Developer/Library/Frameworks
    export DEVELOPER_FRAMEWORKS_DIR_QUOTED\=/Applications/Xcode.app/Contents/Developer/Library/Frameworks
    export DEVELOPER_LIBRARY_DIR\=/Applications/Xcode.app/Contents/Developer/Library
    export DEVELOPER_SDK_DIR\=/Applications/Xcode.app/Contents/Developer/Platforms/MacOSX.platform/Developer/SDKs
    export DEVELOPER_TOOLS_DIR\=/Applications/Xcode.app/Contents/Developer/Tools
    export DEVELOPER_USR_DIR\=/Applications/Xcode.app/Contents/Developer/usr
    export DEVELOPMENT_LANGUAGE\=en
    export DIAGNOSE_MISSING_TARGET_DEPENDENCIES\=YES
    export DIFF\=/usr/bin/diff
    export DOCUMENTATION_FOLDER_PATH\=OpenLive2D.framework/en.lproj/Documentation
    export DONT_GENERATE_INFOPLIST_FILE\=NO
    export DSTROOT\=/tmp/Pods.dst
    export DT_TOOLCHAIN_DIR\=/Applications/Xcode.app/Contents/Developer/Toolchains/XcodeDefault.xctoolchain
    export DWARF_DSYM_FILE_NAME\=OpenLive2D.framework.dSYM
    export DWARF_DSYM_FILE_SHOULD_ACCOMPANY_PRODUCT\=NO
    export DWARF_DSYM_FOLDER_PATH\=/Users/modi/Library/Developer/Xcode/DerivedData/OpenTalk-cbvlrkaevdacrgbrvxdynhiruvtl/Build/Products/Debug-iphoneos/OpenLive2D
    export DYLIB_COMPATIBILITY_VERSION\=1
    export DYLIB_CURRENT_VERSION\=1
    export DYLIB_INSTALL_NAME_BASE\=@rpath
    export DYNAMIC_LIBRARY_EXTENSION\=dylib
    export EAGER_COMPILATION_ALLOW_SCRIPTS\=NO
    export EAGER_LINKING\=NO
    export EFFECTIVE_PLATFORM_NAME\=-iphoneos
    export EMBEDDED_CONTENT_CONTAINS_SWIFT\=NO
    export EMBEDDED_PROFILE_NAME\=embedded.mobileprovision
    export EMBED_ASSET_PACKS_IN_PRODUCT_BUNDLE\=NO
    export ENABLE_APP_SANDBOX\=NO
    export ENABLE_CODE_COVERAGE\=YES
    export ENABLE_CPLUSPLUS_BOUNDS_SAFE_BUFFERS\=NO
    export ENABLE_C_BOUNDS_SAFETY\=NO
    export ENABLE_DEFAULT_HEADER_SEARCH_PATHS\=YES
    export ENABLE_DEFAULT_SEARCH_PATHS\=YES
    export ENABLE_ENHANCED_SECURITY\=NO
    export ENABLE_HARDENED_RUNTIME\=NO
    export ENABLE_HEADER_DEPENDENCIES\=YES
    export ENABLE_INCOMING_NETWORK_CONNECTIONS\=NO
    export ENABLE_ON_DEMAND_RESOURCES\=NO
    export ENABLE_OUTGOING_NETWORK_CONNECTIONS\=NO
    export ENABLE_POINTER_AUTHENTICATION\=NO
    export ENABLE_PREVIEWS\=NO
    export ENABLE_RESOURCE_ACCESS_AUDIO_INPUT\=NO
    export ENABLE_RESOURCE_ACCESS_BLUETOOTH\=NO
    export ENABLE_RESOURCE_ACCESS_CALENDARS\=NO
    export ENABLE_RESOURCE_ACCESS_CAMERA\=NO
    export ENABLE_RESOURCE_ACCESS_CONTACTS\=NO
    export ENABLE_RESOURCE_ACCESS_LOCATION\=NO
    export ENABLE_RESOURCE_ACCESS_PHOTO_LIBRARY\=NO
    export ENABLE_RESOURCE_ACCESS_PRINTING\=NO
    export ENABLE_RESOURCE_ACCESS_USB\=NO
    export ENABLE_SDK_IMPORTS\=NO
    export ENABLE_SECURITY_COMPILER_WARNINGS\=NO
    export ENABLE_STRICT_OBJC_MSGSEND\=YES
    export ENABLE_TESTABILITY\=YES
    export ENABLE_TESTING_SEARCH_PATHS\=NO
    export ENABLE_USER_SCRIPT_SANDBOXING\=NO
    export ENABLE_XOJIT_PREVIEWS\=YES
    export ENFORCE_VALID_ARCHS\=YES
    export ENTITLEMENTS_DESTINATION\=Signature
    export ENTITLEMENTS_REQUIRED\=NO
    export EXCLUDED_INSTALLSRC_SUBDIRECTORY_PATTERNS\=.DS_Store\ .svn\ .git\ .hg\ CVS
    export EXCLUDED_RECURSIVE_SEARCH_PATH_SUBDIRECTORIES\=\*.nib\ \*.lproj\ \*.framework\ \*.gch\ \*.xcode\*\ \*.xcassets\ \*.icon\ \(\*\)\ .DS_Store\ CVS\ .svn\ .git\ .hg\ \*.pbproj\ \*.pbxproj
    export EXECUTABLES_FOLDER_PATH\=OpenLive2D.framework/en.lproj
    export EXECUTABLE_FOLDER_PATH\=OpenLive2D.framework
    export EXECUTABLE_FOLDER_PATH_SHALLOW_BUNDLE_NO\=OpenLive2D.framework
    export EXECUTABLE_FOLDER_PATH_SHALLOW_BUNDLE_YES\=OpenLive2D.framework
    export EXECUTABLE_NAME\=OpenLive2D
    export EXECUTABLE_PATH\=OpenLive2D.framework/OpenLive2D
    export EXTENSIONS_FOLDER_PATH\=OpenLive2D.framework/Extensions
    export FILE_LIST\=/Users/modi/Library/Developer/Xcode/DerivedData/OpenTalk-cbvlrkaevdacrgbrvxdynhiruvtl/Build/Intermediates.noindex/Pods.build/Debug-iphoneos/OpenLive2D.build/Objects/LinkFileList
    export FIXED_FILES_DIR\=/Users/modi/Library/Developer/Xcode/DerivedData/OpenTalk-cbvlrkaevdacrgbrvxdynhiruvtl/Build/Intermediates.noindex/Pods.build/Debug-iphoneos/OpenLive2D.build/FixedFiles
    export FRAMEWORKS_FOLDER_PATH\=OpenLive2D.framework/Frameworks
    export FRAMEWORK_FLAG_PREFIX\=-framework
    export FRAMEWORK_SEARCH_PATHS\=/Users/modi/Library/Developer/Xcode/DerivedData/OpenTalk-cbvlrkaevdacrgbrvxdynhiruvtl/Build/Products/Debug-iphoneos/OpenLive2D\ 
    export FRAMEWORK_VERSION\=A
    export FULL_PRODUCT_NAME\=OpenLive2D.framework
    export FUSE_BUILD_PHASES\=YES
    export FUSE_BUILD_SCRIPT_PHASES\=NO
    export GCC3_VERSION\=3.3
    export GCC_C_LANGUAGE_STANDARD\=gnu11
    export GCC_DYNAMIC_NO_PIC\=NO
    export GCC_INLINES_ARE_PRIVATE_EXTERN\=YES
    export GCC_NO_COMMON_BLOCKS\=YES
    export GCC_OPTIMIZATION_LEVEL\=0
    export GCC_PFE_FILE_C_DIALECTS\=c\ objective-c\ c++\ objective-c++
    export GCC_PREFIX_HEADER\=Target\ Support\ Files/OpenLive2D/OpenLive2D-prefix.pch
    export GCC_PREPROCESSOR_DEFINITIONS\=POD_CONFIGURATION_DEBUG\=1\ DEBUG\=1\ \ COCOAPODS\=1
    export GCC_THUMB_SUPPORT\=YES
    export GCC_TREAT_WARNINGS_AS_ERRORS\=NO
    export GCC_VERSION\=com.apple.compilers.llvm.clang.1_0
    export GCC_VERSION_IDENTIFIER\=com_apple_compilers_llvm_clang_1_0
    export GCC_WARN_64_TO_32_BIT_CONVERSION\=YES
    export GCC_WARN_ABOUT_RETURN_TYPE\=YES_ERROR
    export GCC_WARN_UNDECLARED_SELECTOR\=YES
    export GCC_WARN_UNINITIALIZED_AUTOS\=YES_AGGRESSIVE
    export GCC_WARN_UNUSED_FUNCTION\=YES
    export GCC_WARN_UNUSED_VARIABLE\=YES
    export GENERATED_MODULEMAP_DIR\=/Users/modi/Library/Developer/Xcode/DerivedData/OpenTalk-cbvlrkaevdacrgbrvxdynhiruvtl/Build/Intermediates.noindex/GeneratedModuleMaps-iphoneos
    export GENERATE_INFOPLIST_FILE\=NO
    export GENERATE_INTERMEDIATE_TEXT_BASED_STUBS\=YES
    export GENERATE_PKGINFO_FILE\=NO
    export GENERATE_PRELINK_OBJECT_FILE\=NO
    export GENERATE_PROFILING_CODE\=NO
    export GENERATE_TEXT_BASED_STUBS\=NO
    export GID\=20
    export GROUP\=staff
    export HEADERMAP_INCLUDES_FLAT_ENTRIES_FOR_TARGET_BEING_BUILT\=YES
    export HEADERMAP_INCLUDES_FRAMEWORK_ENTRIES_FOR_ALL_PRODUCT_TYPES\=YES
    export HEADERMAP_INCLUDES_FRAMEWORK_ENTRIES_FOR_TARGETS_NOT_BEING_BUILT\=YES
    export HEADERMAP_INCLUDES_NONPUBLIC_NONPRIVATE_HEADERS\=YES
    export HEADERMAP_INCLUDES_PROJECT_HEADERS\=YES
    export HEADERMAP_USES_FRAMEWORK_PREFIX_ENTRIES\=YES
    export HEADERMAP_USES_VFS\=YES
    export HEADER_SEARCH_PATHS\=/Users/modi/Library/Developer/Xcode/DerivedData/OpenTalk-cbvlrkaevdacrgbrvxdynhiruvtl/Build/Products/Debug-iphoneos/OpenLive2D/include\ \ \"/Users/modi/Documents/数据迁移/xcode/Project/MainApp/mojikaiwa-ios/MojiTalk/Pods/../Libs/Live2D/Core/include\"\ \"/Users/modi/Documents/数据迁移/xcode/Project/MainApp/mojikaiwa-ios/MojiTalk/Pods/../Libs/Live2D/Framework/src\"\ \"/Users/modi/Documents/数据迁移/xcode/Project/MainApp/mojikaiwa-ios/MojiTalk/Pods/../Libs/Live2D/Bridge\"\ \"/Users/modi/Documents/数据迁移/xcode/Project/MainApp/mojikaiwa-ios/MojiTalk/Pods/../Libs/Live2D/MotionSync/Framework/src\"\ \"/Users/modi/Documents/数据迁移/xcode/Project/MainApp/mojikaiwa-ios/MojiTalk/Pods/../Libs/Live2D/MotionSync/Core/include\"
    export HOME\=/Users/modi
    export HOST_ARCH\=arm64
    export HOST_PLATFORM\=macosx
    export ICONV\=/usr/bin/iconv
    export IMPLICIT_DEPENDENCY_DOMAIN\=default
    export INFOPLIST_ENABLE_CFBUNDLEICONS_MERGE\=YES
    export INFOPLIST_EXPAND_BUILD_SETTINGS\=YES
    export INFOPLIST_FILE\=Target\ Support\ Files/OpenLive2D/OpenLive2D-Info.plist
    export INFOPLIST_OUTPUT_FORMAT\=binary
    export INFOPLIST_PATH\=OpenLive2D.framework/Info.plist
    export INFOPLIST_PREPROCESS\=NO
    export INFOSTRINGS_PATH\=OpenLive2D.framework/en.lproj/InfoPlist.strings
    export INLINE_PRIVATE_FRAMEWORKS\=NO
    export INSTALLAPI_IGNORE_SKIP_INSTALL\=YES
    export INSTALLHDRS_COPY_PHASE\=NO
    export INSTALLHDRS_SCRIPT_PHASE\=NO
    export INSTALL_DIR\=/tmp/Pods.dst/Library/Frameworks
    export INSTALL_GROUP\=staff
    export INSTALL_MODE_FLAG\=u+w,go-w,a+rX
    export INSTALL_OWNER\=modi
    export INSTALL_PATH\=/Library/Frameworks
    export INSTALL_ROOT\=/tmp/Pods.dst
    export IPHONEOS_DEPLOYMENT_TARGET\=13.0
    export IS_UNOPTIMIZED_BUILD\=YES
    export JAVAC_DEFAULT_FLAGS\=-J-Xms64m\ -J-XX:NewSize\=4M\ -J-Dfile.encoding\=UTF8
    export JAVA_APP_STUB\=/System/Library/Frameworks/JavaVM.framework/Resources/MacOS/JavaApplicationStub
    export JAVA_ARCHIVE_CLASSES\=YES
    export JAVA_ARCHIVE_TYPE\=JAR
    export JAVA_COMPILER\=/usr/bin/javac
    export JAVA_FOLDER_PATH\=OpenLive2D.framework/Java
    export JAVA_FRAMEWORK_RESOURCES_DIRS\=Resources
    export JAVA_JAR_FLAGS\=cv
    export JAVA_SOURCE_SUBDIR\=.
    export JAVA_USE_DEPENDENCIES\=YES
    export JAVA_ZIP_FLAGS\=-urg
    export JIKES_DEFAULT_FLAGS\=+E\ +OLDCSO
    export KASAN_CFLAGS_CLASSIC\=-DKASAN\=1\ -DKASAN_CLASSIC\=1\ -fsanitize\=address\ -mllvm\ -asan-globals-live-support\ -mllvm\ -asan-force-dynamic-shadow
    export KASAN_CFLAGS_TBI\=-DKASAN\=1\ -DKASAN_TBI\=1\ -fsanitize\=kernel-hwaddress\ -mllvm\ -hwasan-recover\=0\ -mllvm\ -hwasan-instrument-atomics\=0\ -mllvm\ -hwasan-instrument-stack\=1\ -mllvm\ -hwasan-generate-tags-with-calls\=1\ -mllvm\ -hwasan-instrument-with-calls\=1\ -mllvm\ -hwasan-use-short-granules\=0\ -mllvm\ -hwasan-memory-access-callback-prefix\=__asan_
    export KASAN_DEFAULT_CFLAGS\=-DKASAN\=1\ -DKASAN_CLASSIC\=1\ -fsanitize\=address\ -mllvm\ -asan-globals-live-support\ -mllvm\ -asan-force-dynamic-shadow
    export KEEP_PRIVATE_EXTERNS\=NO
    export LD_DEPENDENCY_INFO_FILE\=/Users/modi/Library/Developer/Xcode/DerivedData/OpenTalk-cbvlrkaevdacrgbrvxdynhiruvtl/Build/Intermediates.noindex/Pods.build/Debug-iphoneos/OpenLive2D.build/Objects-normal/undefined_arch/OpenLive2D_dependency_info.dat
    export LD_DYLIB_INSTALL_NAME\=@rpath/OpenLive2D.framework/OpenLive2D
    export LD_EXPORT_SYMBOLS\=YES
    export LD_GENERATE_MAP_FILE\=NO
    export LD_MAP_FILE_PATH\=/Users/modi/Library/Developer/Xcode/DerivedData/OpenTalk-cbvlrkaevdacrgbrvxdynhiruvtl/Build/Intermediates.noindex/Pods.build/Debug-iphoneos/OpenLive2D.build/OpenLive2D-LinkMap-normal-undefined_arch.txt
    export LD_NO_PIE\=NO
    export LD_QUOTE_LINKER_ARGUMENTS_FOR_COMPILER_DRIVER\=YES
    export LD_RUNPATH_SEARCH_PATHS\=\ @executable_path/Frameworks\ @loader_path/Frameworks
    export LD_SHARED_CACHE_ELIGIBLE\=Automatic
    export LD_WARN_DUPLICATE_LIBRARIES\=NO
    export LD_WARN_UNUSED_DYLIBS\=NO
    export LEGACY_DEVELOPER_DIR\=/Applications/Xcode.app/Contents/PlugIns/Xcode3Core.ideplugin/Contents/SharedSupport/Developer
    export LEX\=lex
    export LIBRARY_DEXT_INSTALL_PATH\=/Library/DriverExtensions
    export LIBRARY_FLAG_NOSPACE\=YES
    export LIBRARY_FLAG_PREFIX\=-l
    export LIBRARY_KEXT_INSTALL_PATH\=/Library/Extensions
    export LIBRARY_SEARCH_PATHS\=/Users/modi/Library/Developer/Xcode/DerivedData/OpenTalk-cbvlrkaevdacrgbrvxdynhiruvtl/Build/Products/Debug-iphoneos/OpenLive2D\ \ \"/Users/modi/Documents/数据迁移/xcode/Project/MainApp/mojikaiwa-ios/MojiTalk/Pods/../Libs/Live2D/Core/lib/ios\"\ \"/Users/modi/Documents/数据迁移/xcode/Project/MainApp/mojikaiwa-ios/MojiTalk/Pods/../Libs/Live2D/MotionSync/Core/CRI/lib/iOS\"
    export LINKER_DISPLAYS_MANGLED_NAMES\=NO
    export LINK_FILE_LIST_normal_arm64\=/Users/modi/Library/Developer/Xcode/DerivedData/OpenTalk-cbvlrkaevdacrgbrvxdynhiruvtl/Build/Intermediates.noindex/Pods.build/Debug-iphoneos/OpenLive2D.build/Objects-normal/arm64/OpenLive2D.LinkFileList
    export LINK_OBJC_RUNTIME\=YES
    export LINK_WITH_STANDARD_LIBRARIES\=YES
    export LLVM_TARGET_TRIPLE_OS_VERSION\=ios13.0
    export LLVM_TARGET_TRIPLE_VENDOR\=apple
    export LM_AUX_CONST_METADATA_LIST_PATH_normal_arm64\=/Users/modi/Library/Developer/Xcode/DerivedData/OpenTalk-cbvlrkaevdacrgbrvxdynhiruvtl/Build/Intermediates.noindex/Pods.build/Debug-iphoneos/OpenLive2D.build/Objects-normal/arm64/OpenLive2D.SwiftConstValuesFileList
    export LOCALIZATION_EXPORT_SUPPORTED\=YES
    export LOCALIZATION_PREFERS_STRING_CATALOGS\=NO
    export LOCALIZED_RESOURCES_FOLDER_PATH\=OpenLive2D.framework/en.lproj
    export LOCALIZED_STRING_MACRO_NAMES\=NSLocalizedString\ CFCopyLocalizedString
    export LOCALIZED_STRING_SWIFTUI_SUPPORT\=YES
    export LOCAL_ADMIN_APPS_DIR\=/Applications/Utilities
    export LOCAL_APPS_DIR\=/Applications
    export LOCAL_DEVELOPER_DIR\=/Library/Developer
    export LOCAL_LIBRARY_DIR\=/Library
    export LOCROOT\=/Users/modi/Documents/数据迁移/xcode/Project/MainApp/mojikaiwa-ios/MojiTalk/Pods
    export LOCSYMROOT\=/Users/modi/Documents/数据迁移/xcode/Project/MainApp/mojikaiwa-ios/MojiTalk/Pods
    export MACH_O_TYPE\=mh_dylib
    export MAC_OS_X_PRODUCT_BUILD_VERSION\=25C56
    export MAC_OS_X_VERSION_ACTUAL\=260200
    export MAC_OS_X_VERSION_MAJOR\=260000
    export MAC_OS_X_VERSION_MINOR\=260200
    export MAKE_MERGEABLE\=NO
    export MERGEABLE_LIBRARY\=NO
    export MERGED_BINARY_TYPE\=none
    export MERGE_LINKED_LIBRARIES\=NO
    export METAL_LIBRARY_FILE_BASE\=default
    export METAL_LIBRARY_OUTPUT_DIR\=/Users/modi/Library/Developer/Xcode/DerivedData/OpenTalk-cbvlrkaevdacrgbrvxdynhiruvtl/Build/Products/Debug-iphoneos/OpenLive2D/OpenLive2D.framework
    export MODULEMAP_FILE\=Target\ Support\ Files/OpenLive2D/OpenLive2D.modulemap
    export MODULES_FOLDER_PATH\=OpenLive2D.framework/Modules
    export MODULE_CACHE_DIR\=/Users/modi/Library/Developer/Xcode/DerivedData/ModuleCache.noindex
    export MTL_ENABLE_DEBUG_INFO\=INCLUDE_SOURCE
    export MTL_FAST_MATH\=YES
    export NATIVE_ARCH\=arm64
    export NATIVE_ARCH_32_BIT\=arm
    export NATIVE_ARCH_64_BIT\=arm64
    export NATIVE_ARCH_ACTUAL\=arm64
    export NO_COMMON\=YES
    export OBJECT_FILE_DIR\=/Users/modi/Library/Developer/Xcode/DerivedData/OpenTalk-cbvlrkaevdacrgbrvxdynhiruvtl/Build/Intermediates.noindex/Pods.build/Debug-iphoneos/OpenLive2D.build/Objects
    export OBJECT_FILE_DIR_normal\=/Users/modi/Library/Developer/Xcode/DerivedData/OpenTalk-cbvlrkaevdacrgbrvxdynhiruvtl/Build/Intermediates.noindex/Pods.build/Debug-iphoneos/OpenLive2D.build/Objects-normal
    export OBJROOT\=/Users/modi/Library/Developer/Xcode/DerivedData/OpenTalk-cbvlrkaevdacrgbrvxdynhiruvtl/Build/Intermediates.noindex
    export ONLY_ACTIVE_ARCH\=NO
    export OS\=MACOS
    export OSAC\=/usr/bin/osacompile
    export OTHER_LDFLAGS\=\ -l\"Live2DCubismCore_fat\"\ -l\"Live2DCubismMotionSyncEngine_CRI_fat\"\ -l\"c++\"\ -framework\ \"AVFoundation\"\ -framework\ \"AudioToolbox\"\ -framework\ \"CoreGraphics\"\ -framework\ \"Metal\"\ -framework\ \"MetalKit\"\ -framework\ \"QuartzCore\"
    export PACKAGE_TYPE\=com.apple.package-type.wrapper.framework
    export PASCAL_STRINGS\=YES
    export PATH\=/Applications/Xcode.app/Contents/SharedFrameworks/SwiftBuild.framework/Versions/A/PlugIns/SWBBuildService.bundle/Contents/PlugIns/SWBUniversalPlatformPlugin.bundle/Contents/Frameworks/SWBUniversalPlatform.framework/Resources:/Applications/Xcode.app/Contents/Developer/Toolchains/XcodeDefault.xctoolchain/usr/bin:/Applications/Xcode.app/Contents/Developer/Toolchains/XcodeDefault.xctoolchain/usr/local/bin:/Applications/Xcode.app/Contents/Developer/Toolchains/XcodeDefault.xctoolchain/usr/libexec:/Applications/Xcode.app/Contents/Developer/Platforms/iPhoneOS.platform/usr/bin:/Applications/Xcode.app/Contents/Developer/Platforms/iPhoneOS.platform/usr/local/bin:/Applications/Xcode.app/Contents/Developer/Platforms/iPhoneOS.platform/Developer/usr/bin:/Applications/Xcode.app/Contents/Developer/Platforms/iPhoneOS.platform/Developer/usr/local/bin:/Applications/Xcode.app/Contents/Developer/usr/bin:/Applications/Xcode.app/Contents/Developer/usr/local/bin:/Users/modi/.antigravity/antigravity/bin:/usr/local/opt/rustup/bin:/usr/local/opt/php@7.4/sbin:/usr/local/opt/php@7.4/bin:/usr/local/opt/php@7.1/sbin:/usr/local/opt/php@7.1/bin:/usr/local/bin:/System/Cryptexes/App/usr/bin:/usr/bin:/bin:/usr/sbin:/sbin:/var/run/com.apple.security.cryptexd/codex.system/bootstrap/usr/local/bin:/var/run/com.apple.security.cryptexd/codex.system/bootstrap/usr/bin:/var/run/com.apple.security.cryptexd/codex.system/bootstrap/usr/appleinternal/bin:/opt/pmk/env/global/bin:/Library/Apple/usr/bin:/opt/homebrew/bin:/Users/modi/.volta/bin:/opt/miniconda3/bin:/opt/miniconda3/condabin
    export PATH_PREFIXES_EXCLUDED_FROM_HEADER_DEPENDENCIES\=/usr/include\ /usr/local/include\ /System/Library/Frameworks\ /System/Library/PrivateFrameworks\ /Applications/Xcode.app/Contents/Developer/Headers\ /Applications/Xcode.app/Contents/Developer/SDKs\ /Applications/Xcode.app/Contents/Developer/Platforms
    export PBDEVELOPMENTPLIST_PATH\=OpenLive2D.framework/pbdevelopment.plist
    export PER_ARCH_MODULE_FILE_DIR\=/Users/modi/Library/Developer/Xcode/DerivedData/OpenTalk-cbvlrkaevdacrgbrvxdynhiruvtl/Build/Intermediates.noindex/Pods.build/Debug-iphoneos/OpenLive2D.build/Objects-normal/undefined_arch
    export PER_ARCH_OBJECT_FILE_DIR\=/Users/modi/Library/Developer/Xcode/DerivedData/OpenTalk-cbvlrkaevdacrgbrvxdynhiruvtl/Build/Intermediates.noindex/Pods.build/Debug-iphoneos/OpenLive2D.build/Objects-normal/undefined_arch
    export PER_VARIANT_OBJECT_FILE_DIR\=/Users/modi/Library/Developer/Xcode/DerivedData/OpenTalk-cbvlrkaevdacrgbrvxdynhiruvtl/Build/Intermediates.noindex/Pods.build/Debug-iphoneos/OpenLive2D.build/Objects-normal
    export PKGINFO_FILE_PATH\=/Users/modi/Library/Developer/Xcode/DerivedData/OpenTalk-cbvlrkaevdacrgbrvxdynhiruvtl/Build/Intermediates.noindex/Pods.build/Debug-iphoneos/OpenLive2D.build/PkgInfo
    export PKGINFO_PATH\=OpenLive2D.framework/PkgInfo
    export PLATFORM_DEVELOPER_APPLICATIONS_DIR\=/Applications/Xcode.app/Contents/Developer/Platforms/iPhoneOS.platform/Developer/Applications
    export PLATFORM_DEVELOPER_BIN_DIR\=/Applications/Xcode.app/Contents/Developer/Platforms/iPhoneOS.platform/Developer/usr/bin
    export PLATFORM_DEVELOPER_LIBRARY_DIR\=/Applications/Xcode.app/Contents/Developer/Platforms/iPhoneOS.platform/Developer/Library
    export PLATFORM_DEVELOPER_SDK_DIR\=/Applications/Xcode.app/Contents/Developer/Platforms/iPhoneOS.platform/Developer/SDKs
    export PLATFORM_DEVELOPER_TOOLS_DIR\=/Applications/Xcode.app/Contents/Developer/Platforms/iPhoneOS.platform/Developer/Tools
    export PLATFORM_DEVELOPER_USR_DIR\=/Applications/Xcode.app/Contents/Developer/Platforms/iPhoneOS.platform/Developer/usr
    export PLATFORM_DIR\=/Applications/Xcode.app/Contents/Developer/Platforms/iPhoneOS.platform
    export PLATFORM_DISPLAY_NAME\=iOS
    export PLATFORM_FAMILY_NAME\=iOS
    export PLATFORM_NAME\=iphoneos
    export PLATFORM_PREFERRED_ARCH\=arm64
    export PLATFORM_PRODUCT_BUILD_VERSION\=23C53
    export PLATFORM_REQUIRES_SWIFT_AUTOLINK_EXTRACT\=NO
    export PLATFORM_REQUIRES_SWIFT_MODULEWRAP\=NO
    export PLIST_FILE_OUTPUT_FORMAT\=binary
    export PLUGINS_FOLDER_PATH\=OpenLive2D.framework/PlugIns
    export PODS_BUILD_DIR\=/Users/modi/Library/Developer/Xcode/DerivedData/OpenTalk-cbvlrkaevdacrgbrvxdynhiruvtl/Build/Products
    export PODS_CONFIGURATION_BUILD_DIR\=/Users/modi/Library/Developer/Xcode/DerivedData/OpenTalk-cbvlrkaevdacrgbrvxdynhiruvtl/Build/Products/Debug-iphoneos
    export PODS_DEVELOPMENT_LANGUAGE\=en
    export PODS_ROOT\=/Users/modi/Documents/数据迁移/xcode/Project/MainApp/mojikaiwa-ios/MojiTalk/Pods
    export PODS_TARGET_SRCROOT\=/Users/modi/Documents/数据迁移/xcode/Project/MainApp/mojikaiwa-ios/MojiTalk/Pods/../Libs/Live2D
    export PODS_XCFRAMEWORKS_BUILD_DIR\=/Users/modi/Library/Developer/Xcode/DerivedData/OpenTalk-cbvlrkaevdacrgbrvxdynhiruvtl/Build/Products/Debug-iphoneos/XCFrameworkIntermediates
    export PRECOMPS_INCLUDE_HEADERS_FROM_BUILT_PRODUCTS_DIR\=YES
    export PRECOMP_DESTINATION_DIR\=/Users/modi/Library/Developer/Xcode/DerivedData/OpenTalk-cbvlrkaevdacrgbrvxdynhiruvtl/Build/Intermediates.noindex/Pods.build/Debug-iphoneos/OpenLive2D.build/PrefixHeaders
    export PRIVATE_HEADERS_FOLDER_PATH\=OpenLive2D.framework/PrivateHeaders
    export PROCESSED_INFOPLIST_PATH\=/Users/modi/Library/Developer/Xcode/DerivedData/OpenTalk-cbvlrkaevdacrgbrvxdynhiruvtl/Build/Intermediates.noindex/Pods.build/Debug-iphoneos/OpenLive2D.build/Objects-normal/undefined_arch/Processed-Info.plist
    export PRODUCT_BUNDLE_IDENTIFIER\=org.cocoapods.OpenLive2D
    export PRODUCT_BUNDLE_PACKAGE_TYPE\=FMWK
    export PRODUCT_MODULE_NAME\=OpenLive2D
    export PRODUCT_NAME\=OpenLive2D
    export PRODUCT_SETTINGS_PATH\=/Users/modi/Documents/数据迁移/xcode/Project/MainApp/mojikaiwa-ios/MojiTalk/Pods/Target\ Support\ Files/OpenLive2D/OpenLive2D-Info.plist
    export PRODUCT_TYPE\=com.apple.product-type.framework
    export PROFILING_CODE\=NO
    export PROJECT\=Pods
    export PROJECT_DERIVED_FILE_DIR\=/Users/modi/Library/Developer/Xcode/DerivedData/OpenTalk-cbvlrkaevdacrgbrvxdynhiruvtl/Build/Intermediates.noindex/Pods.build/DerivedSources
    export PROJECT_DIR\=/Users/modi/Documents/数据迁移/xcode/Project/MainApp/mojikaiwa-ios/MojiTalk/Pods
    export PROJECT_FILE_PATH\=/Users/modi/Documents/数据迁移/xcode/Project/MainApp/mojikaiwa-ios/MojiTalk/Pods/Pods.xcodeproj
    export PROJECT_GUID\=8699adb1dd336b26511df848a716bd42
    export PROJECT_NAME\=Pods
    export PROJECT_TEMP_DIR\=/Users/modi/Library/Developer/Xcode/DerivedData/OpenTalk-cbvlrkaevdacrgbrvxdynhiruvtl/Build/Intermediates.noindex/Pods.build
    export PROJECT_TEMP_ROOT\=/Users/modi/Library/Developer/Xcode/DerivedData/OpenTalk-cbvlrkaevdacrgbrvxdynhiruvtl/Build/Intermediates.noindex
    export PUBLIC_HEADERS_FOLDER_PATH\=OpenLive2D.framework/Headers
    export RECOMMENDED_IPHONEOS_DEPLOYMENT_TARGET\=15.0
    export RECURSIVE_SEARCH_PATHS_FOLLOW_SYMLINKS\=YES
    export REMOVE_CVS_FROM_RESOURCES\=YES
    export REMOVE_GIT_FROM_RESOURCES\=YES
    export REMOVE_HEADERS_FROM_EMBEDDED_BUNDLES\=YES
    export REMOVE_HG_FROM_RESOURCES\=YES
    export REMOVE_STATIC_EXECUTABLES_FROM_EMBEDDED_BUNDLES\=YES
    export REMOVE_SVN_FROM_RESOURCES\=YES
    export RESCHEDULE_INDEPENDENT_HEADERS_PHASES\=YES
    export REZ_COLLECTOR_DIR\=/Users/modi/Library/Developer/Xcode/DerivedData/OpenTalk-cbvlrkaevdacrgbrvxdynhiruvtl/Build/Intermediates.noindex/Pods.build/Debug-iphoneos/OpenLive2D.build/ResourceManagerResources
    export REZ_OBJECTS_DIR\=/Users/modi/Library/Developer/Xcode/DerivedData/OpenTalk-cbvlrkaevdacrgbrvxdynhiruvtl/Build/Intermediates.noindex/Pods.build/Debug-iphoneos/OpenLive2D.build/ResourceManagerResources/Objects
    export REZ_SEARCH_PATHS\=/Users/modi/Library/Developer/Xcode/DerivedData/OpenTalk-cbvlrkaevdacrgbrvxdynhiruvtl/Build/Products/Debug-iphoneos/OpenLive2D\ 
    export RUNTIME_EXCEPTION_ALLOW_DYLD_ENVIRONMENT_VARIABLES\=NO
    export RUNTIME_EXCEPTION_ALLOW_JIT\=NO
    export RUNTIME_EXCEPTION_ALLOW_UNSIGNED_EXECUTABLE_MEMORY\=NO
    export RUNTIME_EXCEPTION_DEBUGGING_TOOL\=NO
    export RUNTIME_EXCEPTION_DISABLE_EXECUTABLE_PAGE_PROTECTION\=NO
    export RUNTIME_EXCEPTION_DISABLE_LIBRARY_VALIDATION\=NO
    export SCAN_ALL_SOURCE_FILES_FOR_INCLUDES\=NO
    export SCRIPTS_FOLDER_PATH\=OpenLive2D.framework/Scripts
    export SCRIPT_INPUT_FILE_COUNT\=0
    export SCRIPT_INPUT_FILE_LIST_COUNT\=0
    export SCRIPT_OUTPUT_FILE_COUNT\=0
    export SCRIPT_OUTPUT_FILE_LIST_COUNT\=0
    export SDKROOT\=/Applications/Xcode.app/Contents/Developer/Platforms/iPhoneOS.platform/Developer/SDKs/iPhoneOS26.2.sdk
    export SDK_DIR\=/Applications/Xcode.app/Contents/Developer/Platforms/iPhoneOS.platform/Developer/SDKs/iPhoneOS26.2.sdk
    export SDK_DIR_iphoneos\=/Applications/Xcode.app/Contents/Developer/Platforms/iPhoneOS.platform/Developer/SDKs/iPhoneOS26.2.sdk
    export SDK_DIR_iphoneos26_2\=/Applications/Xcode.app/Contents/Developer/Platforms/iPhoneOS.platform/Developer/SDKs/iPhoneOS26.2.sdk
    export SDK_NAME\=iphoneos26.2
    export SDK_NAMES\=iphoneos26.2
    export SDK_PRODUCT_BUILD_VERSION\=23C53
    export SDK_STAT_CACHE_DIR\=/Users/modi/Library/Developer/Xcode/DerivedData
    export SDK_STAT_CACHE_ENABLE\=YES
    export SDK_STAT_CACHE_PATH\=/Users/modi/Library/Developer/Xcode/DerivedData/SDKStatCaches.noindex/iphoneos26.2-23C53-3794476bd08197c3e2abd9bb477ef7f7.sdkstatcache
    export SDK_VERSION\=26.2
    export SDK_VERSION_ACTUAL\=260200
    export SDK_VERSION_MAJOR\=260000
    export SDK_VERSION_MINOR\=260200
    export SED\=/usr/bin/sed
    export SEPARATE_STRIP\=NO
    export SEPARATE_SYMBOL_EDIT\=NO
    export SET_DIR_MODE_OWNER_GROUP\=YES
    export SET_FILE_MODE_OWNER_GROUP\=NO
    export SHALLOW_BUNDLE\=YES
    export SHALLOW_BUNDLE_TRIPLE\=ios
    export SHALLOW_BUNDLE_ios_macabi\=NO
    export SHALLOW_BUNDLE_macos\=NO
    export SHARED_DERIVED_FILE_DIR\=/Users/modi/Library/Developer/Xcode/DerivedData/OpenTalk-cbvlrkaevdacrgbrvxdynhiruvtl/Build/Products/Debug-iphoneos/OpenLive2D/DerivedSources
    export SHARED_FRAMEWORKS_FOLDER_PATH\=OpenLive2D.framework/SharedFrameworks
    export SHARED_PRECOMPS_DIR\=/Users/modi/Library/Developer/Xcode/DerivedData/OpenTalk-cbvlrkaevdacrgbrvxdynhiruvtl/Build/Intermediates.noindex/PrecompiledHeaders
    export SHARED_SUPPORT_FOLDER_PATH\=OpenLive2D.framework
    export SKIP_INSTALL\=YES
    export SOURCE_ROOT\=/Users/modi/Documents/数据迁移/xcode/Project/MainApp/mojikaiwa-ios/MojiTalk/Pods
    export SRCROOT\=/Users/modi/Documents/数据迁移/xcode/Project/MainApp/mojikaiwa-ios/MojiTalk/Pods
    export STRINGSDATA_DIR\=/Users/modi/Library/Developer/Xcode/DerivedData/OpenTalk-cbvlrkaevdacrgbrvxdynhiruvtl/Build/Intermediates.noindex/Pods.build/Debug-iphoneos/OpenLive2D.build/Objects-normal/undefined_arch
    export STRINGSDATA_ROOT\=/Users/modi/Library/Developer/Xcode/DerivedData/OpenTalk-cbvlrkaevdacrgbrvxdynhiruvtl/Build/Intermediates.noindex/Pods.build/Debug-iphoneos/OpenLive2D.build
    export STRINGS_FILE_INFOPLIST_RENAME\=YES
    export STRINGS_FILE_OUTPUT_ENCODING\=binary
    export STRING_CATALOG_GENERATE_SYMBOLS\=NO
    export STRIP_BITCODE_FROM_COPIED_FILES\=YES
    export STRIP_INSTALLED_PRODUCT\=NO
    export STRIP_STYLE\=debugging
    export STRIP_SWIFT_SYMBOLS\=YES
    export SUPPORTED_DEVICE_FAMILIES\=1,2
    export SUPPORTED_PLATFORMS\=iphoneos\ iphonesimulator
    export SUPPORTS_MACCATALYST\=YES
    export SUPPORTS_MAC_DESIGNED_FOR_IPHONE_IPAD\=YES
    export SUPPORTS_TEXT_BASED_API\=NO
    export SUPPORTS_XR_DESIGNED_FOR_IPHONE_IPAD\=YES
    export SUPPRESS_WARNINGS\=NO
    export SWIFT_ACTIVE_COMPILATION_CONDITIONS\=DEBUG\ 
    export SWIFT_EMIT_CONST_VALUE_PROTOCOLS\=AppIntent\ EntityQuery\ AppEntity\ TransientEntity\ AppEnum\ AppShortcutProviding\ AppShortcutsProvider\ AnyResolverProviding\ AppIntentsPackage\ DynamicOptionsProvider\ _IntentValueRepresentable\ _AssistantIntentsProvider\ _GenerativeFunctionExtractable\ IntentValueQuery\ Resolver\ AppExtension\ ExtensionPointDefining
    export SWIFT_EMIT_LOC_STRINGS\=NO
    export SWIFT_ENABLE_EXPLICIT_MODULES\=YES
    export SWIFT_INSTALL_MODULE_FOR_DEPLOYMENT\=YES
    export SWIFT_OPTIMIZATION_LEVEL\=-Onone
    export SWIFT_PLATFORM_TARGET_PREFIX\=ios
    export SWIFT_RESPONSE_FILE_PATH_normal_arm64\=/Users/modi/Library/Developer/Xcode/DerivedData/OpenTalk-cbvlrkaevdacrgbrvxdynhiruvtl/Build/Intermediates.noindex/Pods.build/Debug-iphoneos/OpenLive2D.build/Objects-normal/arm64/OpenLive2D.SwiftFileList
    export SWIFT_VERSION\=5.0
    export SYMROOT\=/Users/modi/Library/Developer/Xcode/DerivedData/OpenTalk-cbvlrkaevdacrgbrvxdynhiruvtl/Build/Products
    export SYSTEM_ADMIN_APPS_DIR\=/Applications/Utilities
    export SYSTEM_APPS_DIR\=/Applications
    export SYSTEM_CORE_SERVICES_DIR\=/System/Library/CoreServices
    export SYSTEM_DEMOS_DIR\=/Applications/Extras
    export SYSTEM_DEVELOPER_APPS_DIR\=/Applications/Xcode.app/Contents/Developer/Applications
    export SYSTEM_DEVELOPER_BIN_DIR\=/Applications/Xcode.app/Contents/Developer/usr/bin
    export SYSTEM_DEVELOPER_DEMOS_DIR\=/Applications/Xcode.app/Contents/Developer/Applications/Utilities/Built\ Examples
    export SYSTEM_DEVELOPER_DIR\=/Applications/Xcode.app/Contents/Developer
    export SYSTEM_DEVELOPER_DOC_DIR\=/Applications/Xcode.app/Contents/Developer/ADC\ Reference\ Library
    export SYSTEM_DEVELOPER_GRAPHICS_TOOLS_DIR\=/Applications/Xcode.app/Contents/Developer/Applications/Graphics\ Tools
    export SYSTEM_DEVELOPER_JAVA_TOOLS_DIR\=/Applications/Xcode.app/Contents/Developer/Applications/Java\ Tools
    export SYSTEM_DEVELOPER_PERFORMANCE_TOOLS_DIR\=/Applications/Xcode.app/Contents/Developer/Applications/Performance\ Tools
    export SYSTEM_DEVELOPER_RELEASENOTES_DIR\=/Applications/Xcode.app/Contents/Developer/ADC\ Reference\ Library/releasenotes
    export SYSTEM_DEVELOPER_TOOLS\=/Applications/Xcode.app/Contents/Developer/Tools
    export SYSTEM_DEVELOPER_TOOLS_DOC_DIR\=/Applications/Xcode.app/Contents/Developer/ADC\ Reference\ Library/documentation/DeveloperTools
    export SYSTEM_DEVELOPER_TOOLS_RELEASENOTES_DIR\=/Applications/Xcode.app/Contents/Developer/ADC\ Reference\ Library/releasenotes/DeveloperTools
    export SYSTEM_DEVELOPER_USR_DIR\=/Applications/Xcode.app/Contents/Developer/usr
    export SYSTEM_DEVELOPER_UTILITIES_DIR\=/Applications/Xcode.app/Contents/Developer/Applications/Utilities
    export SYSTEM_DEXT_INSTALL_PATH\=/System/Library/DriverExtensions
    export SYSTEM_DOCUMENTATION_DIR\=/Library/Documentation
    export SYSTEM_EXTENSIONS_FOLDER_PATH\=OpenLive2D.framework/SystemExtensions
    export SYSTEM_EXTENSIONS_FOLDER_PATH_SHALLOW_BUNDLE_NO\=OpenLive2D.framework/Library/SystemExtensions
    export SYSTEM_EXTENSIONS_FOLDER_PATH_SHALLOW_BUNDLE_YES\=OpenLive2D.framework/SystemExtensions
    export SYSTEM_KEXT_INSTALL_PATH\=/System/Library/Extensions
    export SYSTEM_LIBRARY_DIR\=/System/Library
    export TAPI_DEMANGLE\=YES
    export TAPI_ENABLE_PROJECT_HEADERS\=NO
    export TAPI_LANGUAGE\=objective-c
    export TAPI_LANGUAGE_STANDARD\=compiler-default
    export TAPI_USE_SRCROOT\=YES
    export TAPI_VERIFY_MODE\=Pedantic
    export TARGETED_DEVICE_FAMILY\=1,2
    export TARGETNAME\=OpenLive2D
    export TARGET_BUILD_DIR\=/Users/modi/Library/Developer/Xcode/DerivedData/OpenTalk-cbvlrkaevdacrgbrvxdynhiruvtl/Build/Products/Debug-iphoneos/OpenLive2D
    export TARGET_NAME\=OpenLive2D
    export TARGET_TEMP_DIR\=/Users/modi/Library/Developer/Xcode/DerivedData/OpenTalk-cbvlrkaevdacrgbrvxdynhiruvtl/Build/Intermediates.noindex/Pods.build/Debug-iphoneos/OpenLive2D.build
    export TEMP_DIR\=/Users/modi/Library/Developer/Xcode/DerivedData/OpenTalk-cbvlrkaevdacrgbrvxdynhiruvtl/Build/Intermediates.noindex/Pods.build/Debug-iphoneos/OpenLive2D.build
    export TEMP_FILES_DIR\=/Users/modi/Library/Developer/Xcode/DerivedData/OpenTalk-cbvlrkaevdacrgbrvxdynhiruvtl/Build/Intermediates.noindex/Pods.build/Debug-iphoneos/OpenLive2D.build
    export TEMP_FILE_DIR\=/Users/modi/Library/Developer/Xcode/DerivedData/OpenTalk-cbvlrkaevdacrgbrvxdynhiruvtl/Build/Intermediates.noindex/Pods.build/Debug-iphoneos/OpenLive2D.build
    export TEMP_ROOT\=/Users/modi/Library/Developer/Xcode/DerivedData/OpenTalk-cbvlrkaevdacrgbrvxdynhiruvtl/Build/Intermediates.noindex
    export TEMP_SANDBOX_DIR\=/Users/modi/Library/Developer/Xcode/DerivedData/OpenTalk-cbvlrkaevdacrgbrvxdynhiruvtl/Build/Intermediates.noindex/TemporaryTaskSandboxes
    export TEST_FRAMEWORK_SEARCH_PATHS\=\ /Applications/Xcode.app/Contents/Developer/Platforms/iPhoneOS.platform/Developer/Library/Frameworks\ /Applications/Xcode.app/Contents/Developer/Platforms/iPhoneOS.platform/Developer/SDKs/iPhoneOS26.2.sdk/Developer/Library/Frameworks
    export TEST_LIBRARY_SEARCH_PATHS\=\ /Applications/Xcode.app/Contents/Developer/Platforms/iPhoneOS.platform/Developer/usr/lib
    export TOOLCHAINS\=com.apple.dt.toolchain.XcodeDefault
    export TOOLCHAIN_DIR\=/Applications/Xcode.app/Contents/Developer/Toolchains/XcodeDefault.xctoolchain
    export TREAT_MISSING_BASELINES_AS_TEST_FAILURES\=NO
    export TREAT_MISSING_SCRIPT_PHASE_OUTPUTS_AS_ERRORS\=NO
    export UID\=501
    export UNINSTALLED_PRODUCTS_DIR\=/Users/modi/Library/Developer/Xcode/DerivedData/OpenTalk-cbvlrkaevdacrgbrvxdynhiruvtl/Build/Intermediates.noindex/UninstalledProducts
    export UNLOCALIZED_RESOURCES_FOLDER_PATH\=OpenLive2D.framework
    export UNLOCALIZED_RESOURCES_FOLDER_PATH_SHALLOW_BUNDLE_NO\=OpenLive2D.framework/Resources
    export UNLOCALIZED_RESOURCES_FOLDER_PATH_SHALLOW_BUNDLE_YES\=OpenLive2D.framework
    export UNSTRIPPED_PRODUCT\=NO
    export USER\=modi
    export USER_APPS_DIR\=/Users/modi/Applications
    export USER_LIBRARY_DIR\=/Users/modi/Library
    export USE_DYNAMIC_NO_PIC\=YES
    export USE_HEADERMAP\=NO
    export USE_HEADER_SYMLINKS\=NO
    export USE_RECURSIVE_SCRIPT_INPUTS_IN_SCRIPT_PHASES\=YES
    export VALIDATE_DEVELOPMENT_ASSET_PATHS\=YES_ERROR
    export VALIDATE_PRODUCT\=NO
    export VALID_ARCHS\=arm64\ arm64e\ armv7\ armv7s
    export VERBOSE_PBXCP\=NO
    export VERSIONING_SYSTEM\=apple-generic
    export VERSIONPLIST_PATH\=OpenLive2D.framework/version.plist
    export VERSIONS_FOLDER_PATH\=OpenLive2D.framework
    export VERSIONS_FOLDER_PATH_SHALLOW_BUNDLE_NO\=OpenLive2D.framework/Versions
    export VERSIONS_FOLDER_PATH_SHALLOW_BUNDLE_YES\=OpenLive2D.framework
    export VERSION_INFO_BUILDER\=modi
    export VERSION_INFO_FILE\=OpenLive2D_vers.c
    export VERSION_INFO_STRING\=\"@\(\#\)PROGRAM:OpenLive2D\ \ PROJECT:Pods-1\"
    export WORKSPACE_DIR\=/Users/modi/Documents/数据迁移/xcode/Project/MainApp/mojikaiwa-ios/MojiTalk
    export WRAPPER_EXTENSION\=framework
    export WRAPPER_NAME\=OpenLive2D.framework
    export WRAPPER_SUFFIX\=.framework
    export WRAP_ASSET_PACKS_IN_SEPARATE_DIRECTORIES\=NO
    export XCODE_APP_SUPPORT_DIR\=/Applications/Xcode.app/Contents/Developer/Library/Xcode
    export XCODE_PRODUCT_BUILD_VERSION\=17C52
    export XCODE_VERSION_ACTUAL\=2620
    export XCODE_VERSION_MAJOR\=2600
    export XCODE_VERSION_MINOR\=2620
    export XPCSERVICES_FOLDER_PATH\=OpenLive2D.framework/XPCServices
    export YACC\=yacc
    export _DISCOVER_COMMAND_LINE_LINKER_INPUTS\=YES
    export _DISCOVER_COMMAND_LINE_LINKER_INPUTS_INCLUDE_WL\=YES
    export _LD_MULTIARCH\=YES
    export _WRAPPER_CONTENTS_DIR_SHALLOW_BUNDLE_NO\=/Contents
    export _WRAPPER_PARENT_PATH_SHALLOW_BUNDLE_NO\=/..
    export _WRAPPER_RESOURCES_DIR_SHALLOW_BUNDLE_NO\=/Resources
    export __DIAGNOSE_DEPRECATED_ARCHS\=YES
    export arch\=undefined_arch
    export variant\=normal
    /bin/sh -c /Users/modi/Library/Developer/Xcode/DerivedData/OpenTalk-cbvlrkaevdacrgbrvxdynhiruvtl/Build/Intermediates.noindex/Pods.build/Debug-iphoneos/OpenLive2D.build/Script-A6273F313CB9264117A99EA760DE921F.sh

ProcessInfoPlistFile /Users/modi/Library/Developer/Xcode/DerivedData/OpenTalk-cbvlrkaevdacrgbrvxdynhiruvtl/Build/Products/Debug-iphoneos/Pods_OpenTalk.framework/Info.plist /Users/modi/Documents/数据迁移/xcode/Project/MainApp/mojikaiwa-ios/MojiTalk/Pods/Target\ Support\ Files/Pods-OpenTalk/Pods-OpenTalk-Info.plist (in target 'Pods-OpenTalk' from project 'Pods')
    cd /Users/modi/Documents/数据迁移/xcode/Project/MainApp/mojikaiwa-ios/MojiTalk/Pods
    builtin-infoPlistUtility /Users/modi/Documents/数据迁移/xcode/Project/MainApp/mojikaiwa-ios/MojiTalk/Pods/Target\ Support\ Files/Pods-OpenTalk/Pods-OpenTalk-Info.plist -producttype com.apple.product-type.framework -expandbuildsettings -format binary -platform iphoneos -requiredArchitecture arm64 -o /Users/modi/Library/Developer/Xcode/DerivedData/OpenTalk-cbvlrkaevdacrgbrvxdynhiruvtl/Build/Products/Debug-iphoneos/Pods_OpenTalk.framework/Info.plist

CompileAssetCatalogVariant thinned /Users/modi/Library/Developer/Xcode/DerivedData/OpenTalk-cbvlrkaevdacrgbrvxdynhiruvtl/Build/Products/Debug-iphoneos/OpenTalk.app /Users/modi/Documents/数据迁移/xcode/Project/MainApp/mojikaiwa-ios/MojiTalk/OpenTalk/Assets.xcassets (in target 'OpenTalk' from project 'OpenTalk')
    cd /Users/modi/Documents/数据迁移/xcode/Project/MainApp/mojikaiwa-ios/MojiTalk
    /Applications/Xcode.app/Contents/Developer/usr/bin/actool /Users/modi/Documents/数据迁移/xcode/Project/MainApp/mojikaiwa-ios/MojiTalk/OpenTalk/Assets.xcassets --compile /Users/modi/Library/Developer/Xcode/DerivedData/OpenTalk-cbvlrkaevdacrgbrvxdynhiruvtl/Build/Intermediates.noindex/OpenTalk.build/Debug-iphoneos/OpenTalk.build/assetcatalog_output/thinned --output-format human-readable-text --notices --warnings --export-dependency-info /Users/modi/Library/Developer/Xcode/DerivedData/OpenTalk-cbvlrkaevdacrgbrvxdynhiruvtl/Build/Intermediates.noindex/OpenTalk.build/Debug-iphoneos/OpenTalk.build/assetcatalog_dependencies_thinned --output-partial-info-plist /Users/modi/Library/Developer/Xcode/DerivedData/OpenTalk-cbvlrkaevdacrgbrvxdynhiruvtl/Build/Intermediates.noindex/OpenTalk.build/Debug-iphoneos/OpenTalk.build/assetcatalog_generated_info.plist_thinned --app-icon AppIcon --accent-color AccentColor --compress-pngs --enable-on-demand-resources YES --development-region en --target-device iphone --target-device ipad --minimum-deployment-target 26.0 --platform iphoneos

SwiftDriver OpenTalk normal arm64 com.apple.xcode.tools.swift.compiler (in target 'OpenTalk' from project 'OpenTalk')
    cd /Users/modi/Documents/数据迁移/xcode/Project/MainApp/mojikaiwa-ios/MojiTalk
    builtin-SwiftDriver -- /Applications/Xcode.app/Contents/Developer/Toolchains/XcodeDefault.xctoolchain/usr/bin/swiftc -module-name OpenTalk -Onone -enforce-exclusivity\=checked @/Users/modi/Library/Developer/Xcode/DerivedData/OpenTalk-cbvlrkaevdacrgbrvxdynhiruvtl/Build/Intermediates.noindex/OpenTalk.build/Debug-iphoneos/OpenTalk.build/Objects-normal/arm64/OpenTalk.SwiftFileList -DDEBUG -default-isolation\=MainActor -enable-bare-slash-regex -enable-upcoming-feature DisableOutwardActorInference -enable-upcoming-feature InferSendableFromCaptures -enable-upcoming-feature GlobalActorIsolatedTypesUsability -enable-upcoming-feature MemberImportVisibility -enable-upcoming-feature InferIsolatedConformances -enable-upcoming-feature NonisolatedNonsendingByDefault -enable-experimental-feature DebugDescriptionMacro -sdk /Applications/Xcode.app/Contents/Developer/Platforms/iPhoneOS.platform/Developer/SDKs/iPhoneOS26.2.sdk -target arm64-apple-ios26.0 -g -module-cache-path /Users/modi/Library/Developer/Xcode/DerivedData/ModuleCache.noindex -Xfrontend -serialize-debugging-options -enable-testing -index-store-path /Users/modi/Library/Developer/Xcode/DerivedData/OpenTalk-cbvlrkaevdacrgbrvxdynhiruvtl/Index.noindex/DataStore -Xcc -D_LIBCPP_HARDENING_MODE\=_LIBCPP_HARDENING_MODE_DEBUG -swift-version 5 -I /Users/modi/Library/Developer/Xcode/DerivedData/OpenTalk-cbvlrkaevdacrgbrvxdynhiruvtl/Build/Products/Debug-iphoneos -F /Users/modi/Library/Developer/Xcode/DerivedData/OpenTalk-cbvlrkaevdacrgbrvxdynhiruvtl/Build/Products/Debug-iphoneos/PackageFrameworks -F /Users/modi/Library/Developer/Xcode/DerivedData/OpenTalk-cbvlrkaevdacrgbrvxdynhiruvtl/Build/Products/Debug-iphoneos/PackageFrameworks -F /Users/modi/Library/Developer/Xcode/DerivedData/OpenTalk-cbvlrkaevdacrgbrvxdynhiruvtl/Build/Products/Debug-iphoneos/PackageFrameworks -F /Users/modi/Library/Developer/Xcode/DerivedData/OpenTalk-cbvlrkaevdacrgbrvxdynhiruvtl/Build/Products/Debug-iphoneos/PackageFrameworks -F /Users/modi/Library/Developer/Xcode/DerivedData/OpenTalk-cbvlrkaevdacrgbrvxdynhiruvtl/Build/Products/Debug-iphoneos/PackageFrameworks -F /Users/modi/Library/Developer/Xcode/DerivedData/OpenTalk-cbvlrkaevdacrgbrvxdynhiruvtl/Build/Products/Debug-iphoneos/PackageFrameworks -F /Users/modi/Library/Developer/Xcode/DerivedData/OpenTalk-cbvlrkaevdacrgbrvxdynhiruvtl/Build/Products/Debug-iphoneos/PackageFrameworks -F /Users/modi/Library/Developer/Xcode/DerivedData/OpenTalk-cbvlrkaevdacrgbrvxdynhiruvtl/Build/Products/Debug-iphoneos/PackageFrameworks -F /Users/modi/Library/Developer/Xcode/DerivedData/OpenTalk-cbvlrkaevdacrgbrvxdynhiruvtl/Build/Products/Debug-iphoneos/PackageFrameworks -F /Users/modi/Library/Developer/Xcode/DerivedData/OpenTalk-cbvlrkaevdacrgbrvxdynhiruvtl/Build/Products/Debug-iphoneos/PackageFrameworks -F /Users/modi/Library/Developer/Xcode/DerivedData/OpenTalk-cbvlrkaevdacrgbrvxdynhiruvtl/Build/Products/Debug-iphoneos/PackageFrameworks -F /Users/modi/Library/Developer/Xcode/DerivedData/OpenTalk-cbvlrkaevdacrgbrvxdynhiruvtl/Build/Products/Debug-iphoneos/PackageFrameworks -F /Users/modi/Library/Developer/Xcode/DerivedData/OpenTalk-cbvlrkaevdacrgbrvxdynhiruvtl/Build/Products/Debug-iphoneos/PackageFrameworks -F /Users/modi/Library/Developer/Xcode/DerivedData/OpenTalk-cbvlrkaevdacrgbrvxdynhiruvtl/Build/Products/Debug-iphoneos/PackageFrameworks -F /Users/modi/Library/Developer/Xcode/DerivedData/OpenTalk-cbvlrkaevdacrgbrvxdynhiruvtl/Build/Products/Debug-iphoneos -F /Users/modi/Library/Developer/Xcode/DerivedData/OpenTalk-cbvlrkaevdacrgbrvxdynhiruvtl/Build/Products/Debug-iphoneos/OpenLive2D -F /Users/modi/Library/Developer/Xcode/DerivedData/OpenTalk-cbvlrkaevdacrgbrvxdynhiruvtl/Build/Products/Debug-iphoneos/SSZipArchive -emit-localized-strings -emit-localized-strings-path /Users/modi/Library/Developer/Xcode/DerivedData/OpenTalk-cbvlrkaevdacrgbrvxdynhiruvtl/Build/Intermediates.noindex/OpenTalk.build/Debug-iphoneos/OpenTalk.build/Objects-normal/arm64 -c -j10 -enable-batch-mode -incremental -Xcc -ivfsstatcache -Xcc /Users/modi/Library/Developer/Xcode/DerivedData/SDKStatCaches.noindex/iphoneos26.2-23C53-3794476bd08197c3e2abd9bb477ef7f7.sdkstatcache -output-file-map /Users/modi/Library/Developer/Xcode/DerivedData/OpenTalk-cbvlrkaevdacrgbrvxdynhiruvtl/Build/Intermediates.noindex/OpenTalk.build/Debug-iphoneos/OpenTalk.build/Objects-normal/arm64/OpenTalk-OutputFileMap.json -use-frontend-parseable-output -save-temps -no-color-diagnostics -explicit-module-build -module-cache-path /Users/modi/Library/Developer/Xcode/DerivedData/OpenTalk-cbvlrkaevdacrgbrvxdynhiruvtl/Build/Intermediates.noindex/SwiftExplicitPrecompiledModules -clang-scanner-module-cache-path /Users/modi/Library/Developer/Xcode/DerivedData/ModuleCache.noindex -sdk-module-cache-path /Users/modi/Library/Developer/Xcode/DerivedData/ModuleCache.noindex -serialize-diagnostics -emit-dependencies -emit-module -emit-module-path /Users/modi/Library/Developer/Xcode/DerivedData/OpenTalk-cbvlrkaevdacrgbrvxdynhiruvtl/Build/Intermediates.noindex/OpenTalk.build/Debug-iphoneos/OpenTalk.build/Objects-normal/arm64/OpenTalk.swiftmodule -validate-clang-modules-once -clang-build-session-file /Users/modi/Library/Developer/Xcode/DerivedData/ModuleCache.noindex/Session.modulevalidation -Xcc -I/Users/modi/Library/Developer/Xcode/DerivedData/OpenTalk-cbvlrkaevdacrgbrvxdynhiruvtl/Build/Intermediates.noindex/OpenTalk.build/Debug-iphoneos/OpenTalk.build/swift-overrides.hmap -emit-const-values -Xfrontend -const-gather-protocols-file -Xfrontend /Users/modi/Library/Developer/Xcode/DerivedData/OpenTalk-cbvlrkaevdacrgbrvxdynhiruvtl/Build/Intermediates.noindex/OpenTalk.build/Debug-iphoneos/OpenTalk.build/Objects-normal/arm64/OpenTalk_const_extract_protocols.json -Xcc -iquote -Xcc /Users/modi/Library/Developer/Xcode/DerivedData/OpenTalk-cbvlrkaevdacrgbrvxdynhiruvtl/Build/Intermediates.noindex/OpenTalk.build/Debug-iphoneos/OpenTalk.build/OpenTalk-generated-files.hmap -Xcc -I/Users/modi/Library/Developer/Xcode/DerivedData/OpenTalk-cbvlrkaevdacrgbrvxdynhiruvtl/Build/Intermediates.noindex/OpenTalk.build/Debug-iphoneos/OpenTalk.build/OpenTalk-own-target-headers.hmap -Xcc -I/Users/modi/Library/Developer/Xcode/DerivedData/OpenTalk-cbvlrkaevdacrgbrvxdynhiruvtl/Build/Intermediates.noindex/OpenTalk.build/Debug-iphoneos/OpenTalk.build/OpenTalk-all-non-framework-target-headers.hmap -Xcc -ivfsoverlay -Xcc /Users/modi/Library/Developer/Xcode/DerivedData/OpenTalk-cbvlrkaevdacrgbrvxdynhiruvtl/Build/Intermediates.noindex/OpenTalk.build/Debug-iphoneos/OpenTalk-5ca69f3134875216605033ea737edfe2-VFS-iphoneos/all-product-headers.yaml -Xcc -iquote -Xcc /Users/modi/Library/Developer/Xcode/DerivedData/OpenTalk-cbvlrkaevdacrgbrvxdynhiruvtl/Build/Intermediates.noindex/OpenTalk.build/Debug-iphoneos/OpenTalk.build/OpenTalk-project-headers.hmap -Xcc -I/Users/modi/Library/Developer/Xcode/DerivedData/OpenTalk-cbvlrkaevdacrgbrvxdynhiruvtl/Build/Products/Debug-iphoneos/include -Xcc -I/Users/modi/Library/Developer/Xcode/DerivedData/OpenTalk-cbvlrkaevdacrgbrvxdynhiruvtl/Build/Products/Debug-iphoneos/OpenLive2D/OpenLive2D.framework/Headers -Xcc -I/Users/modi/Library/Developer/Xcode/DerivedData/OpenTalk-cbvlrkaevdacrgbrvxdynhiruvtl/Build/Products/Debug-iphoneos/SSZipArchive/SSZipArchive.framework/Headers -Xcc -I/Users/modi/Documents/数据迁移/xcode/Project/MainApp/mojikaiwa-ios/MojiTalk/Pods/OpenLive2D/Core/include -Xcc -I/Users/modi/Documents/数据迁移/xcode/Project/MainApp/mojikaiwa-ios/MojiTalk/Pods/OpenLive2D/Framework/src -Xcc -I/Users/modi/Documents/数据迁移/xcode/Project/MainApp/mojikaiwa-ios/MojiTalk/Pods/OpenLive2D/Bridge -Xcc -I/Users/modi/Documents/数据迁移/xcode/Project/MainApp/mojikaiwa-ios/MojiTalk/Pods/OpenLive2D/MotionSync/Framework/src -Xcc -I/Users/modi/Documents/数据迁移/xcode/Project/MainApp/mojikaiwa-ios/MojiTalk/Pods/OpenLive2D/MotionSync/Core/include -Xcc -I/Users/modi/Library/Developer/Xcode/DerivedData/OpenTalk-cbvlrkaevdacrgbrvxdynhiruvtl/Build/Intermediates.noindex/OpenTalk.build/Debug-iphoneos/OpenTalk.build/DerivedSources-normal/arm64 -Xcc -I/Users/modi/Library/Developer/Xcode/DerivedData/OpenTalk-cbvlrkaevdacrgbrvxdynhiruvtl/Build/Intermediates.noindex/OpenTalk.build/Debug-iphoneos/OpenTalk.build/DerivedSources/arm64 -Xcc -I/Users/modi/Library/Developer/Xcode/DerivedData/OpenTalk-cbvlrkaevdacrgbrvxdynhiruvtl/Build/Intermediates.noindex/OpenTalk.build/Debug-iphoneos/OpenTalk.build/DerivedSources -Xcc -DDEBUG\=1 -Xcc -DCOCOAPODS\=1 -emit-objc-header -emit-objc-header-path /Users/modi/Library/Developer/Xcode/DerivedData/OpenTalk-cbvlrkaevdacrgbrvxdynhiruvtl/Build/Intermediates.noindex/OpenTalk.build/Debug-iphoneos/OpenTalk.build/Objects-normal/arm64/OpenTalk-Swift.h -working-directory /Users/modi/Documents/数据迁移/xcode/Project/MainApp/mojikaiwa-ios/MojiTalk -experimental-emit-module-separately -disable-cmo

CompileXCStrings /Users/modi/Library/Developer/Xcode/DerivedData/OpenTalk-cbvlrkaevdacrgbrvxdynhiruvtl/Build/Intermediates.noindex/OpenTalk.build/Debug-iphoneos/OpenTalk.build/ /Users/modi/Documents/数据迁移/xcode/Project/MainApp/mojikaiwa-ios/MojiTalk/OpenTalk/Resources/Localizable.xcstrings (in target 'OpenTalk' from project 'OpenTalk')
    cd /Users/modi/Documents/数据迁移/xcode/Project/MainApp/mojikaiwa-ios/MojiTalk
    /Applications/Xcode.app/Contents/Developer/usr/bin/xcstringstool compile --output-directory /Users/modi/Library/Developer/Xcode/DerivedData/OpenTalk-cbvlrkaevdacrgbrvxdynhiruvtl/Build/Intermediates.noindex/OpenTalk.build/Debug-iphoneos/OpenTalk.build /Users/modi/Documents/数据迁移/xcode/Project/MainApp/mojikaiwa-ios/MojiTalk/OpenTalk/Resources/Localizable.xcstrings

CopyStringsFile /Users/modi/Library/Developer/Xcode/DerivedData/OpenTalk-cbvlrkaevdacrgbrvxdynhiruvtl/Build/Products/Debug-iphoneos/OpenTalk.app/zh-Hans.lproj/Localizable.strings /Users/modi/Library/Developer/Xcode/DerivedData/OpenTalk-cbvlrkaevdacrgbrvxdynhiruvtl/Build/Intermediates.noindex/OpenTalk.build/Debug-iphoneos/OpenTalk.build/zh-Hans.lproj/Localizable.strings (in target 'OpenTalk' from project 'OpenTalk')
    cd /Users/modi/Documents/数据迁移/xcode/Project/MainApp/mojikaiwa-ios/MojiTalk
    builtin-copyStrings --validate --outputencoding binary --outfilename Localizable.strings --outdir /Users/modi/Library/Developer/Xcode/DerivedData/OpenTalk-cbvlrkaevdacrgbrvxdynhiruvtl/Build/Products/Debug-iphoneos/OpenTalk.app/zh-Hans.lproj -- /Users/modi/Library/Developer/Xcode/DerivedData/OpenTalk-cbvlrkaevdacrgbrvxdynhiruvtl/Build/Intermediates.noindex/OpenTalk.build/Debug-iphoneos/OpenTalk.build/zh-Hans.lproj/Localizable.strings
/Users/modi/Library/Developer/Xcode/DerivedData/OpenTalk-cbvlrkaevdacrgbrvxdynhiruvtl/Build/Intermediates.noindex/OpenTalk.build/Debug-iphoneos/OpenTalk.build/zh-Hans.lproj/Localizable.strings:1:1: note: detected encoding of input file as Unicode (UTF-8) (in target 'OpenTalk' from project 'OpenTalk')

CopyStringsFile /Users/modi/Library/Developer/Xcode/DerivedData/OpenTalk-cbvlrkaevdacrgbrvxdynhiruvtl/Build/Products/Debug-iphoneos/OpenTalk.app/ja.lproj/Localizable.strings /Users/modi/Library/Developer/Xcode/DerivedData/OpenTalk-cbvlrkaevdacrgbrvxdynhiruvtl/Build/Intermediates.noindex/OpenTalk.build/Debug-iphoneos/OpenTalk.build/ja.lproj/Localizable.strings (in target 'OpenTalk' from project 'OpenTalk')
    cd /Users/modi/Documents/数据迁移/xcode/Project/MainApp/mojikaiwa-ios/MojiTalk
    builtin-copyStrings --validate --outputencoding binary --outfilename Localizable.strings --outdir /Users/modi/Library/Developer/Xcode/DerivedData/OpenTalk-cbvlrkaevdacrgbrvxdynhiruvtl/Build/Products/Debug-iphoneos/OpenTalk.app/ja.lproj -- /Users/modi/Library/Developer/Xcode/DerivedData/OpenTalk-cbvlrkaevdacrgbrvxdynhiruvtl/Build/Intermediates.noindex/OpenTalk.build/Debug-iphoneos/OpenTalk.build/ja.lproj/Localizable.strings
/Users/modi/Library/Developer/Xcode/DerivedData/OpenTalk-cbvlrkaevdacrgbrvxdynhiruvtl/Build/Intermediates.noindex/OpenTalk.build/Debug-iphoneos/OpenTalk.build/ja.lproj/Localizable.strings:1:1: note: detected encoding of input file as Unicode (UTF-8) (in target 'OpenTalk' from project 'OpenTalk')

CopyStringsFile /Users/modi/Library/Developer/Xcode/DerivedData/OpenTalk-cbvlrkaevdacrgbrvxdynhiruvtl/Build/Products/Debug-iphoneos/OpenTalk.app/ko.lproj/Localizable.strings /Users/modi/Library/Developer/Xcode/DerivedData/OpenTalk-cbvlrkaevdacrgbrvxdynhiruvtl/Build/Intermediates.noindex/OpenTalk.build/Debug-iphoneos/OpenTalk.build/ko.lproj/Localizable.strings (in target 'OpenTalk' from project 'OpenTalk')
    cd /Users/modi/Documents/数据迁移/xcode/Project/MainApp/mojikaiwa-ios/MojiTalk
    builtin-copyStrings --validate --outputencoding binary --outfilename Localizable.strings --outdir /Users/modi/Library/Developer/Xcode/DerivedData/OpenTalk-cbvlrkaevdacrgbrvxdynhiruvtl/Build/Products/Debug-iphoneos/OpenTalk.app/ko.lproj -- /Users/modi/Library/Developer/Xcode/DerivedData/OpenTalk-cbvlrkaevdacrgbrvxdynhiruvtl/Build/Intermediates.noindex/OpenTalk.build/Debug-iphoneos/OpenTalk.build/ko.lproj/Localizable.strings
/Users/modi/Library/Developer/Xcode/DerivedData/OpenTalk-cbvlrkaevdacrgbrvxdynhiruvtl/Build/Intermediates.noindex/OpenTalk.build/Debug-iphoneos/OpenTalk.build/ko.lproj/Localizable.strings:1:1: note: detected encoding of input file as Unicode (UTF-8) (in target 'OpenTalk' from project 'OpenTalk')

CopyStringsFile /Users/modi/Library/Developer/Xcode/DerivedData/OpenTalk-cbvlrkaevdacrgbrvxdynhiruvtl/Build/Products/Debug-iphoneos/OpenTalk.app/en.lproj/Localizable.strings /Users/modi/Library/Developer/Xcode/DerivedData/OpenTalk-cbvlrkaevdacrgbrvxdynhiruvtl/Build/Intermediates.noindex/OpenTalk.build/Debug-iphoneos/OpenTalk.build/en.lproj/Localizable.strings (in target 'OpenTalk' from project 'OpenTalk')
    cd /Users/modi/Documents/数据迁移/xcode/Project/MainApp/mojikaiwa-ios/MojiTalk
    builtin-copyStrings --validate --outputencoding binary --outfilename Localizable.strings --outdir /Users/modi/Library/Developer/Xcode/DerivedData/OpenTalk-cbvlrkaevdacrgbrvxdynhiruvtl/Build/Products/Debug-iphoneos/OpenTalk.app/en.lproj -- /Users/modi/Library/Developer/Xcode/DerivedData/OpenTalk-cbvlrkaevdacrgbrvxdynhiruvtl/Build/Intermediates.noindex/OpenTalk.build/Debug-iphoneos/OpenTalk.build/en.lproj/Localizable.strings
/Users/modi/Library/Developer/Xcode/DerivedData/OpenTalk-cbvlrkaevdacrgbrvxdynhiruvtl/Build/Intermediates.noindex/OpenTalk.build/Debug-iphoneos/OpenTalk.build/en.lproj/Localizable.strings:1:1: note: detected encoding of input file as Unicode (UTF-8) (in target 'OpenTalk' from project 'OpenTalk')

SwiftCompile normal arm64 Compiling\ ChatView.swift /Users/modi/Documents/数据迁移/xcode/Project/MainApp/mojikaiwa-ios/MojiTalk/OpenTalk/Source/Views/ChatView.swift (in target 'OpenTalk' from project 'OpenTalk')
SwiftCompile normal arm64 /Users/modi/Documents/数据迁移/xcode/Project/MainApp/mojikaiwa-ios/MojiTalk/OpenTalk/Source/Views/ChatView.swift (in target 'OpenTalk' from project 'OpenTalk')
    cd /Users/modi/Documents/数据迁移/xcode/Project/MainApp/mojikaiwa-ios/MojiTalk
    

SwiftEmitModule normal arm64 Emitting\ module\ for\ OpenTalk (in target 'OpenTalk' from project 'OpenTalk')

EmitSwiftModule normal arm64 (in target 'OpenTalk' from project 'OpenTalk')
    cd /Users/modi/Documents/数据迁移/xcode/Project/MainApp/mojikaiwa-ios/MojiTalk
    

SwiftCompile normal arm64 Compiling\ SSIService.swift /Users/modi/Documents/数据迁移/xcode/Project/MainApp/mojikaiwa-ios/MojiTalk/OpenTalk/Source/Services/SSIService.swift (in target 'OpenTalk' from project 'OpenTalk')
Failed frontend command:
/Applications/Xcode.app/Contents/Developer/Toolchains/XcodeDefault.xctoolchain/usr/bin/swift-frontend -frontend -c /Users/modi/Documents/数据迁移/xcode/Project/MainApp/mojikaiwa-ios/MojiTalk/OpenTalk/Source/Models/MessageModel.swift /Users/modi/Documents/数据迁移/xcode/Project/MainApp/mojikaiwa-ios/MojiTalk/OpenTalk/Source/Services/AccountManager.swift /Users/modi/Documents/数据迁移/xcode/Project/MainApp/mojikaiwa-ios/MojiTalk/OpenTalk/Source/Services/AudioPlayerManager.swift /Users/modi/Documents/数据迁移/xcode/Project/MainApp/mojikaiwa-ios/MojiTalk/OpenTalk/Source/Services/AudioRecorderManager.swift /Users/modi/Documents/数据迁移/xcode/Project/MainApp/mojikaiwa-ios/MojiTalk/OpenTalk/Source/Services/MessageStorage.swift /Users/modi/Documents/数据迁移/xcode/Project/MainApp/mojikaiwa-ios/MojiTalk/OpenTalk/Source/Services/NetworkService.swift /Users/modi/Documents/数据迁移/xcode/Project/MainApp/mojikaiwa-ios/MojiTalk/OpenTalk/Source/Services/SpeechManager.swift -primary-file /Users/modi/Documents/数据迁移/xcode/Project/MainApp/mojikaiwa-ios/MojiTalk/OpenTalk/Source/Services/SSIService.swift /Users/modi/Documents/数据迁移/xcode/Project/MainApp/mojikaiwa-ios/MojiTalk/OpenTalk/Source/Utilities/LanguageManager.swift /Users/modi/Documents/数据迁移/xcode/Project/MainApp/mojikaiwa-ios/MojiTalk/OpenTalk/Source/Utilities/LocalizedString.swift /Users/modi/Documents/数据迁移/xcode/Project/MainApp/mojikaiwa-ios/MojiTalk/OpenTalk/Source/Utils/DesignSystem.swift /Users/modi/Documents/数据迁移/xcode/Project/MainApp/mojikaiwa-ios/MojiTalk/OpenTalk/Source/Utils/OpenL2DFileManager.swift /Users/modi/Documents/数据迁移/xcode/Project/MainApp/mojikaiwa-ios/MojiTalk/OpenTalk/Source/Utils/SupabaseConfig.swift /Users/modi/Documents/数据迁移/xcode/Project/MainApp/mojikaiwa-ios/MojiTalk/OpenTalk/Source/ViewModels/ChatViewModel.swift /Users/modi/Documents/数据迁移/xcode/Project/MainApp/mojikaiwa-ios/MojiTalk/OpenTalk/Source/Views/ChatView.swift /Users/modi/Documents/数据迁移/xcode/Project/MainApp/mojikaiwa-ios/MojiTalk/OpenTalk/Source/Views/LanguagePickerView.swift /Users/modi/Documents/数据迁移/xcode/Project/MainApp/mojikaiwa-ios/MojiTalk/OpenTalk/Source/Views/LegalDocumentView.swift /Users/modi/Documents/数据迁移/xcode/Project/MainApp/mojikaiwa-ios/MojiTalk/OpenTalk/Source/Views/Live2DView.swift /Users/modi/Documents/数据迁移/xcode/Project/MainApp/mojikaiwa-ios/MojiTalk/OpenTalk/Source/Views/LoginEnhancementViews.swift /Users/modi/Documents/数据迁移/xcode/Project/MainApp/mojikaiwa-ios/MojiTalk/OpenTalk/Source/Views/LoginView.swift /Users/modi/Documents/数据迁移/xcode/Project/MainApp/mojikaiwa-ios/MojiTalk/OpenTalk/Source/Views/OnboardingOverlayView.swift /Users/modi/Documents/数据迁移/xcode/Project/MainApp/mojikaiwa-ios/MojiTalk/OpenTalk/Source/OpenTalkApp.swift /Users/modi/Library/Developer/Xcode/DerivedData/OpenTalk-cbvlrkaevdacrgbrvxdynhiruvtl/Build/Intermediates.noindex/OpenTalk.build/Debug-iphoneos/OpenTalk.build/DerivedSources/GeneratedAssetSymbols.swift /Users/modi/Library/Developer/Xcode/DerivedData/OpenTalk-cbvlrkaevdacrgbrvxdynhiruvtl/Build/Intermediates.noindex/OpenTalk.build/Debug-iphoneos/OpenTalk.build/DerivedSources/GeneratedStringSymbols_Localizable.swift -emit-dependencies-path /Users/modi/Library/Developer/Xcode/DerivedData/OpenTalk-cbvlrkaevdacrgbrvxdynhiruvtl/Build/Intermediates.noindex/OpenTalk.build/Debug-iphoneos/OpenTalk.build/Objects-normal/arm64/SSIService.d -emit-const-values-path /Users/modi/Library/Developer/Xcode/DerivedData/OpenTalk-cbvlrkaevdacrgbrvxdynhiruvtl/Build/Intermediates.noindex/OpenTalk.build/Debug-iphoneos/OpenTalk.build/Objects-normal/arm64/SSIService.swiftconstvalues -emit-reference-dependencies-path /Users/modi/Library/Developer/Xcode/DerivedData/OpenTalk-cbvlrkaevdacrgbrvxdynhiruvtl/Build/Intermediates.noindex/OpenTalk.build/Debug-iphoneos/OpenTalk.build/Objects-normal/arm64/SSIService.swiftdeps -serialize-diagnostics-path /Users/modi/Library/Developer/Xcode/DerivedData/OpenTalk-cbvlrkaevdacrgbrvxdynhiruvtl/Build/Intermediates.noindex/OpenTalk.build/Debug-iphoneos/OpenTalk.build/Objects-normal/arm64/SSIService.dia -emit-localized-strings -emit-localized-strings-path /Users/modi/Library/Developer/Xcode/DerivedData/OpenTalk-cbvlrkaevdacrgbrvxdynhiruvtl/Build/Intermediates.noindex/OpenTalk.build/Debug-iphoneos/OpenTalk.build/Objects-normal/arm64 -target arm64-apple-ios26.0 -module-can-import-version DeveloperToolsSupport 23.0.4 23.0.4 -module-can-import-version FoundationModels 1.1.7 0 -module-can-import-version SwiftUI 7.2.5.1 7.2.5 -module-can-import-version UIKit 9126.2.4.1 9126.2.4 -disable-cross-import-overlay-search -swift-module-cross-import AuthenticationServices /Applications/Xcode.app/Contents/Developer/Platforms/iPhoneOS.platform/Developer/SDKs/iPhoneOS.sdk/System/Cryptexes/OS/System/Library/Frameworks/AuthenticationServices.framework/Modules/AuthenticationServices.swiftcrossimport/SwiftUI.swiftoverlay -swift-module-cross-import AuthenticationServices /Applications/Xcode.app/Contents/Developer/Platforms/iPhoneOS.platform/Developer/SDKs/iPhoneOS26.2.sdk/System/Library/Frameworks/AuthenticationServices.framework/Modules/AuthenticationServices.swiftcrossimport/SwiftUI.swiftoverlay -swift-module-cross-import Translation /Applications/Xcode.app/Contents/Developer/Platforms/iPhoneOS.platform/Developer/SDKs/iPhoneOS.sdk/System/Library/Frameworks/Translation.framework/Modules/Translation.swiftcrossimport/SwiftUI.swiftoverlay -swift-module-cross-import Translation /Applications/Xcode.app/Contents/Developer/Platforms/iPhoneOS.platform/Developer/SDKs/iPhoneOS26.2.sdk/System/Library/Frameworks/Translation.framework/Modules/Translation.swiftcrossimport/SwiftUI.swiftoverlay -load-resolved-plugin /Applications/Xcode.app/Contents/Developer/Platforms/iPhoneOS.platform/Developer/usr/lib/swift/host/plugins/libFoundationMacros.dylib\#/Applications/Xcode.app/Contents/Developer/Platforms/iPhoneOS.platform/Developer/usr/bin/swift-plugin-server\#FoundationMacros -load-resolved-plugin /Applications/Xcode.app/Contents/Developer/Platforms/iPhoneOS.platform/Developer/usr/lib/swift/host/plugins/libFoundationModelsMacros.dylib\#/Applications/Xcode.app/Contents/Developer/Platforms/iPhoneOS.platform/Developer/usr/bin/swift-plugin-server\#FoundationModelsMacros -load-resolved-plugin /Applications/Xcode.app/Contents/Developer/Platforms/iPhoneOS.platform/Developer/usr/lib/swift/host/plugins/libObservationMacros.dylib\#/Applications/Xcode.app/Contents/Developer/Platforms/iPhoneOS.platform/Developer/usr/bin/swift-plugin-server\#ObservationMacros -load-resolved-plugin /Applications/Xcode.app/Contents/Developer/Platforms/iPhoneOS.platform/Developer/usr/lib/swift/host/plugins/libPreviewsMacros.dylib\#/Applications/Xcode.app/Contents/Developer/Platforms/iPhoneOS.platform/Developer/usr/bin/swift-plugin-server\#PreviewsMacros -load-resolved-plugin /Applications/Xcode.app/Contents/Developer/Platforms/iPhoneOS.platform/Developer/usr/lib/swift/host/plugins/libSwiftMacros.dylib\#/Applications/Xcode.app/Contents/Developer/Platforms/iPhoneOS.platform/Developer/usr/bin/swift-plugin-server\#SwiftMacros -load-resolved-plugin /Applications/Xcode.app/Contents/Developer/Platforms/iPhoneOS.platform/Developer/usr/lib/swift/host/plugins/libSwiftUIMacros.dylib\#/Applications/Xcode.app/Contents/Developer/Platforms/iPhoneOS.platform/Developer/usr/bin/swift-plugin-server\#SwiftUIMacros -disable-implicit-swift-modules -Xcc -fno-implicit-modules -Xcc -fno-implicit-module-maps -explicit-swift-module-map-file /Users/modi/Library/Developer/Xcode/DerivedData/OpenTalk-cbvlrkaevdacrgbrvxdynhiruvtl/Build/Intermediates.noindex/OpenTalk.build/Debug-iphoneos/OpenTalk.build/Objects-normal/arm64/OpenTalk-dependencies-1.json -Xllvm -aarch64-use-tbi -enable-objc-interop -stack-check -sdk /Applications/Xcode.app/Contents/Developer/Platforms/iPhoneOS.platform/Developer/SDKs/iPhoneOS26.2.sdk -I /Users/modi/Library/Developer/Xcode/DerivedData/OpenTalk-cbvlrkaevdacrgbrvxdynhiruvtl/Build/Products/Debug-iphoneos -F /Users/modi/Library/Developer/Xcode/DerivedData/OpenTalk-cbvlrkaevdacrgbrvxdynhiruvtl/Build/Products/Debug-iphoneos/PackageFrameworks -F /Users/modi/Library/Developer/Xcode/DerivedData/OpenTalk-cbvlrkaevdacrgbrvxdynhiruvtl/Build/Products/Debug-iphoneos/PackageFrameworks -F /Users/modi/Library/Developer/Xcode/DerivedData/OpenTalk-cbvlrkaevdacrgbrvxdynhiruvtl/Build/Products/Debug-iphoneos/PackageFrameworks -F /Users/modi/Library/Developer/Xcode/DerivedData/OpenTalk-cbvlrkaevdacrgbrvxdynhiruvtl/Build/Products/Debug-iphoneos/PackageFrameworks -F /Users/modi/Library/Developer/Xcode/DerivedData/OpenTalk-cbvlrkaevdacrgbrvxdynhiruvtl/Build/Products/Debug-iphoneos/PackageFrameworks -F /Users/modi/Library/Developer/Xcode/DerivedData/OpenTalk-cbvlrkaevdacrgbrvxdynhiruvtl/Build/Products/Debug-iphoneos/PackageFrameworks -F /Users/modi/Library/Developer/Xcode/DerivedData/OpenTalk-cbvlrkaevdacrgbrvxdynhiruvtl/Build/Products/Debug-iphoneos/PackageFrameworks -F /Users/modi/Library/Developer/Xcode/DerivedData/OpenTalk-cbvlrkaevdacrgbrvxdynhiruvtl/Build/Products/Debug-iphoneos/PackageFrameworks -F /Users/modi/Library/Developer/Xcode/DerivedData/OpenTalk-cbvlrkaevdacrgbrvxdynhiruvtl/Build/Products/Debug-iphoneos/PackageFrameworks -F /Users/modi/Library/Developer/Xcode/DerivedData/OpenTalk-cbvlrkaevdacrgbrvxdynhiruvtl/Build/Products/Debug-iphoneos/PackageFrameworks -F /Users/modi/Library/Developer/Xcode/DerivedData/OpenTalk-cbvlrkaevdacrgbrvxdynhiruvtl/Build/Products/Debug-iphoneos/PackageFrameworks -F /Users/modi/Library/Developer/Xcode/DerivedData/OpenTalk-cbvlrkaevdacrgbrvxdynhiruvtl/Build/Products/Debug-iphoneos/PackageFrameworks -F /Users/modi/Library/Developer/Xcode/DerivedData/OpenTalk-cbvlrkaevdacrgbrvxdynhiruvtl/Build/Products/Debug-iphoneos/PackageFrameworks -F /Users/modi/Library/Developer/Xcode/DerivedData/OpenTalk-cbvlrkaevdacrgbrvxdynhiruvtl/Build/Products/Debug-iphoneos/PackageFrameworks -F /Users/modi/Library/Developer/Xcode/DerivedData/OpenTalk-cbvlrkaevdacrgbrvxdynhiruvtl/Build/Products/Debug-iphoneos -F /Users/modi/Library/Developer/Xcode/DerivedData/OpenTalk-cbvlrkaevdacrgbrvxdynhiruvtl/Build/Products/Debug-iphoneos/OpenLive2D -F /Users/modi/Library/Developer/Xcode/DerivedData/OpenTalk-cbvlrkaevdacrgbrvxdynhiruvtl/Build/Products/Debug-iphoneos/SSZipArchive -no-color-diagnostics -Xcc -fno-color-diagnostics -enable-testing -g -debug-info-format\=dwarf -dwarf-version\=5 -module-cache-path /Users/modi/Library/Developer/Xcode/DerivedData/OpenTalk-cbvlrkaevdacrgbrvxdynhiruvtl/Build/Intermediates.noindex/SwiftExplicitPrecompiledModules -swift-version 5 -enforce-exclusivity\=checked -Onone -D DEBUG -serialize-debugging-options -const-gather-protocols-file /Users/modi/Library/Developer/Xcode/DerivedData/OpenTalk-cbvlrkaevdacrgbrvxdynhiruvtl/Build/Intermediates.noindex/OpenTalk.build/Debug-iphoneos/OpenTalk.build/Objects-normal/arm64/OpenTalk_const_extract_protocols.json -enable-upcoming-feature DisableOutwardActorInference -enable-upcoming-feature InferSendableFromCaptures -enable-upcoming-feature GlobalActorIsolatedTypesUsability -enable-upcoming-feature MemberImportVisibility -enable-upcoming-feature InferIsolatedConformances -enable-upcoming-feature NonisolatedNonsendingByDefault -enable-experimental-feature DebugDescriptionMacro -enable-bare-slash-regex -default-isolation\=MainActor -empty-abi-descriptor -validate-clang-modules-once -clang-build-session-file /Users/modi/Library/Developer/Xcode/DerivedData/ModuleCache.noindex/Session.modulevalidation -Xcc -working-directory -Xcc /Users/modi/Documents/数据迁移/xcode/Project/MainApp/mojikaiwa-ios/MojiTalk -enable-anonymous-context-mangled-names -file-compilation-dir /Users/modi/Documents/数据迁移/xcode/Project/MainApp/mojikaiwa-ios/MojiTalk -Xcc -D_LIBCPP_HARDENING_MODE\=_LIBCPP_HARDENING_MODE_DEBUG -Xcc -ivfsstatcache -Xcc /Users/modi/Library/Developer/Xcode/DerivedData/SDKStatCaches.noindex/iphoneos26.2-23C53-3794476bd08197c3e2abd9bb477ef7f7.sdkstatcache -Xcc -I/Users/modi/Library/Developer/Xcode/DerivedData/OpenTalk-cbvlrkaevdacrgbrvxdynhiruvtl/Build/Intermediates.noindex/OpenTalk.build/Debug-iphoneos/OpenTalk.build/swift-overrides.hmap -Xcc -iquote -Xcc /Users/modi/Library/Developer/Xcode/DerivedData/OpenTalk-cbvlrkaevdacrgbrvxdynhiruvtl/Build/Intermediates.noindex/OpenTalk.build/Debug-iphoneos/OpenTalk.build/OpenTalk-generated-files.hmap -Xcc -I/Users/modi/Library/Developer/Xcode/DerivedData/OpenTalk-cbvlrkaevdacrgbrvxdynhiruvtl/Build/Intermediates.noindex/OpenTalk.build/Debug-iphoneos/OpenTalk.build/OpenTalk-own-target-headers.hmap -Xcc -I/Users/modi/Library/Developer/Xcode/DerivedData/OpenTalk-cbvlrkaevdacrgbrvxdynhiruvtl/Build/Intermediates.noindex/OpenTalk.build/Debug-iphoneos/OpenTalk.build/OpenTalk-all-non-framework-target-headers.hmap -Xcc -ivfsoverlay -Xcc /Users/modi/Library/Developer/Xcode/DerivedData/OpenTalk-cbvlrkaevdacrgbrvxdynhiruvtl/Build/Intermediates.noindex/OpenTalk.build/Debug-iphoneos/OpenTalk-5ca69f3134875216605033ea737edfe2-VFS-iphoneos/all-product-headers.yaml -Xcc -iquote -Xcc /Users/modi/Library/Developer/Xcode/DerivedData/OpenTalk-cbvlrkaevdacrgbrvxdynhiruvtl/Build/Intermediates.noindex/OpenTalk.build/Debug-iphoneos/OpenTalk.build/OpenTalk-project-headers.hmap -Xcc -I/Users/modi/Library/Developer/Xcode/DerivedData/OpenTalk-cbvlrkaevdacrgbrvxdynhiruvtl/Build/Products/Debug-iphoneos/include -Xcc -I/Users/modi/Library/Developer/Xcode/DerivedData/OpenTalk-cbvlrkaevdacrgbrvxdynhiruvtl/Build/Products/Debug-iphoneos/OpenLive2D/OpenLive2D.framework/Headers -Xcc -I/Users/modi/Library/Developer/Xcode/DerivedData/OpenTalk-cbvlrkaevdacrgbrvxdynhiruvtl/Build/Products/Debug-iphoneos/SSZipArchive/SSZipArchive.framework/Headers -Xcc -I/Users/modi/Documents/数据迁移/xcode/Project/MainApp/mojikaiwa-ios/MojiTalk/Pods/OpenLive2D/Core/include -Xcc -I/Users/modi/Documents/数据迁移/xcode/Project/MainApp/mojikaiwa-ios/MojiTalk/Pods/OpenLive2D/Framework/src -Xcc -I/Users/modi/Documents/数据迁移/xcode/Project/MainApp/mojikaiwa-ios/MojiTalk/Pods/OpenLive2D/Bridge -Xcc -I/Users/modi/Documents/数据迁移/xcode/Project/MainApp/mojikaiwa-ios/MojiTalk/Pods/OpenLive2D/MotionSync/Framework/src -Xcc -I/Users/modi/Documents/数据迁移/xcode/Project/MainApp/mojikaiwa-ios/MojiTalk/Pods/OpenLive2D/MotionSync/Core/include -Xcc -I/Users/modi/Library/Developer/Xcode/DerivedData/OpenTalk-cbvlrkaevdacrgbrvxdynhiruvtl/Build/Intermediates.noindex/OpenTalk.build/Debug-iphoneos/OpenTalk.build/DerivedSources-normal/arm64 -Xcc -I/Users/modi/Library/Developer/Xcode/DerivedData/OpenTalk-cbvlrkaevdacrgbrvxdynhiruvtl/Build/Intermediates.noindex/OpenTalk.build/Debug-iphoneos/OpenTalk.build/DerivedSources/arm64 -Xcc -I/Users/modi/Library/Developer/Xcode/DerivedData/OpenTalk-cbvlrkaevdacrgbrvxdynhiruvtl/Build/Intermediates.noindex/OpenTalk.build/Debug-iphoneos/OpenTalk.build/DerivedSources -Xcc -DDEBUG\=1 -Xcc -DCOCOAPODS\=1 -no-auto-bridging-header-chaining -module-name OpenTalk -frontend-parseable-output -disable-clang-spi -target-sdk-version 26.2 -target-sdk-name iphoneos26.2 -clang-target arm64-apple-ios26.2 -in-process-plugin-server-path /Applications/Xcode.app/Contents/Developer/Toolchains/XcodeDefault.xctoolchain/usr/lib/swift/host/libSwiftInProcPluginServer.dylib -o /Users/modi/Library/Developer/Xcode/DerivedData/OpenTalk-cbvlrkaevdacrgbrvxdynhiruvtl/Build/Intermediates.noindex/OpenTalk.build/Debug-iphoneos/OpenTalk.build/Objects-normal/arm64/SSIService.o -index-unit-output-path /OpenTalk.build/Debug-iphoneos/OpenTalk.build/Objects-normal/arm64/SSIService.o -index-store-path /Users/modi/Library/Developer/Xcode/DerivedData/OpenTalk-cbvlrkaevdacrgbrvxdynhiruvtl/Index.noindex/DataStore -index-system-modules

SwiftCompile normal arm64 /Users/modi/Documents/数据迁移/xcode/Project/MainApp/mojikaiwa-ios/MojiTalk/OpenTalk/Source/Services/SSIService.swift (in target 'OpenTalk' from project 'OpenTalk')
    cd /Users/modi/Documents/数据迁移/xcode/Project/MainApp/mojikaiwa-ios/MojiTalk
    
/Users/modi/Documents/数据迁移/xcode/Project/MainApp/mojikaiwa-ios/MojiTalk/OpenTalk/Source/Services/SSIService.swift:247:74: error: value of type 'LanguageModelSession' has no member 'generateResponse'
                        for try await responseChunk in try await session.generateResponse(to: prompt) {
                                                                 ~~~~~~~ ^~~~~~~~~~~~~~~~
/Users/modi/Documents/数据迁移/xcode/Project/MainApp/mojikaiwa-ios/MojiTalk/OpenTalk/Source/Services/SSIService.swift:284:33: warning: variable 'sample' was never mutated; consider changing to 'let' constant
                            var sample = floatData[channel][frame]
                            ~~~ ^
                            let
/Users/modi/Documents/数据迁移/xcode/Project/MainApp/mojikaiwa-ios/MojiTalk/OpenTalk/Source/Services/SSIService.swift:313:13: warning: variable 'totalSize' was never mutated; consider changing to 'let' constant
        var totalSize = Int32(dataSize + 36)
        ~~~ ^
        let
/Users/modi/Documents/数据迁移/xcode/Project/MainApp/mojikaiwa-ios/MojiTalk/OpenTalk/Source/Services/SSIService.swift:317:13: warning: variable 'fmtSize' was never mutated; consider changing to 'let' constant
        var fmtSize: Int32 = 16
        ~~~ ^
        let
/Users/modi/Documents/数据迁移/xcode/Project/MainApp/mojikaiwa-ios/MojiTalk/OpenTalk/Source/Services/SSIService.swift:319:13: warning: variable 'format' was never mutated; consider changing to 'let' constant
        var format: Int16 = 1 // PCM
        ~~~ ^
        let
/Users/modi/Documents/数据迁移/xcode/Project/MainApp/mojikaiwa-ios/MojiTalk/OpenTalk/Source/Services/SSIService.swift:321:13: warning: variable 'channels' was never mutated; consider changing to 'let' constant
        var channels: Int16 = 1
        ~~~ ^
        let
/Users/modi/Documents/数据迁移/xcode/Project/MainApp/mojikaiwa-ios/MojiTalk/OpenTalk/Source/Services/SSIService.swift:323:13: warning: variable 'sampleRate' was never mutated; consider changing to 'let' constant
        var sampleRate: Int32 = 22050 // AVSpeechSynthesizer default approx
        ~~~ ^
        let
/Users/modi/Documents/数据迁移/xcode/Project/MainApp/mojikaiwa-ios/MojiTalk/OpenTalk/Source/Services/SSIService.swift:325:13: warning: variable 'byteRate' was never mutated; consider changing to 'let' constant
        var byteRate: Int32 = 22050 * 2
        ~~~ ^
        let
/Users/modi/Documents/数据迁移/xcode/Project/MainApp/mojikaiwa-ios/MojiTalk/OpenTalk/Source/Services/SSIService.swift:327:13: warning: variable 'blockAlign' was never mutated; consider changing to 'let' constant
        var blockAlign: Int16 = 2
        ~~~ ^
        let
/Users/modi/Documents/数据迁移/xcode/Project/MainApp/mojikaiwa-ios/MojiTalk/OpenTalk/Source/Services/SSIService.swift:329:13: warning: variable 'bitsPerSample' was never mutated; consider changing to 'let' constant
        var bitsPerSample: Int16 = 16
        ~~~ ^
        let
/Users/modi/Documents/数据迁移/xcode/Project/MainApp/mojikaiwa-ios/MojiTalk/OpenTalk/Source/Services/SSIService.swift:332:13: warning: variable 'subchunk2Size' was never mutated; consider changing to 'let' constant
        var subchunk2Size = Int32(dataSize)
        ~~~ ^
        let

SwiftDriverJobDiscovery normal arm64 Emitting module for OpenTalk (in target 'OpenTalk' from project 'OpenTalk')

SwiftDriver\ Compilation\ Requirements OpenTalk normal arm64 com.apple.xcode.tools.swift.compiler (in target 'OpenTalk' from project 'OpenTalk')
    cd /Users/modi/Documents/数据迁移/xcode/Project/MainApp/mojikaiwa-ios/MojiTalk
    builtin-Swift-Compilation-Requirements -- /Applications/Xcode.app/Contents/Developer/Toolchains/XcodeDefault.xctoolchain/usr/bin/swiftc -module-name OpenTalk -Onone -enforce-exclusivity\=checked @/Users/modi/Library/Developer/Xcode/DerivedData/OpenTalk-cbvlrkaevdacrgbrvxdynhiruvtl/Build/Intermediates.noindex/OpenTalk.build/Debug-iphoneos/OpenTalk.build/Objects-normal/arm64/OpenTalk.SwiftFileList -DDEBUG -default-isolation\=MainActor -enable-bare-slash-regex -enable-upcoming-feature DisableOutwardActorInference -enable-upcoming-feature InferSendableFromCaptures -enable-upcoming-feature GlobalActorIsolatedTypesUsability -enable-upcoming-feature MemberImportVisibility -enable-upcoming-feature InferIsolatedConformances -enable-upcoming-feature NonisolatedNonsendingByDefault -enable-experimental-feature DebugDescriptionMacro -sdk /Applications/Xcode.app/Contents/Developer/Platforms/iPhoneOS.platform/Developer/SDKs/iPhoneOS26.2.sdk -target arm64-apple-ios26.0 -g -module-cache-path /Users/modi/Library/Developer/Xcode/DerivedData/ModuleCache.noindex -Xfrontend -serialize-debugging-options -enable-testing -index-store-path /Users/modi/Library/Developer/Xcode/DerivedData/OpenTalk-cbvlrkaevdacrgbrvxdynhiruvtl/Index.noindex/DataStore -Xcc -D_LIBCPP_HARDENING_MODE\=_LIBCPP_HARDENING_MODE_DEBUG -swift-version 5 -I /Users/modi/Library/Developer/Xcode/DerivedData/OpenTalk-cbvlrkaevdacrgbrvxdynhiruvtl/Build/Products/Debug-iphoneos -F /Users/modi/Library/Developer/Xcode/DerivedData/OpenTalk-cbvlrkaevdacrgbrvxdynhiruvtl/Build/Products/Debug-iphoneos/PackageFrameworks -F /Users/modi/Library/Developer/Xcode/DerivedData/OpenTalk-cbvlrkaevdacrgbrvxdynhiruvtl/Build/Products/Debug-iphoneos/PackageFrameworks -F /Users/modi/Library/Developer/Xcode/DerivedData/OpenTalk-cbvlrkaevdacrgbrvxdynhiruvtl/Build/Products/Debug-iphoneos/PackageFrameworks -F /Users/modi/Library/Developer/Xcode/DerivedData/OpenTalk-cbvlrkaevdacrgbrvxdynhiruvtl/Build/Products/Debug-iphoneos/PackageFrameworks -F /Users/modi/Library/Developer/Xcode/DerivedData/OpenTalk-cbvlrkaevdacrgbrvxdynhiruvtl/Build/Products/Debug-iphoneos/PackageFrameworks -F /Users/modi/Library/Developer/Xcode/DerivedData/OpenTalk-cbvlrkaevdacrgbrvxdynhiruvtl/Build/Products/Debug-iphoneos/PackageFrameworks -F /Users/modi/Library/Developer/Xcode/DerivedData/OpenTalk-cbvlrkaevdacrgbrvxdynhiruvtl/Build/Products/Debug-iphoneos/PackageFrameworks -F /Users/modi/Library/Developer/Xcode/DerivedData/OpenTalk-cbvlrkaevdacrgbrvxdynhiruvtl/Build/Products/Debug-iphoneos/PackageFrameworks -F /Users/modi/Library/Developer/Xcode/DerivedData/OpenTalk-cbvlrkaevdacrgbrvxdynhiruvtl/Build/Products/Debug-iphoneos/PackageFrameworks -F /Users/modi/Library/Developer/Xcode/DerivedData/OpenTalk-cbvlrkaevdacrgbrvxdynhiruvtl/Build/Products/Debug-iphoneos/PackageFrameworks -F /Users/modi/Library/Developer/Xcode/DerivedData/OpenTalk-cbvlrkaevdacrgbrvxdynhiruvtl/Build/Products/Debug-iphoneos/PackageFrameworks -F /Users/modi/Library/Developer/Xcode/DerivedData/OpenTalk-cbvlrkaevdacrgbrvxdynhiruvtl/Build/Products/Debug-iphoneos/PackageFrameworks -F /Users/modi/Library/Developer/Xcode/DerivedData/OpenTalk-cbvlrkaevdacrgbrvxdynhiruvtl/Build/Products/Debug-iphoneos/PackageFrameworks -F /Users/modi/Library/Developer/Xcode/DerivedData/OpenTalk-cbvlrkaevdacrgbrvxdynhiruvtl/Build/Products/Debug-iphoneos/PackageFrameworks -F /Users/modi/Library/Developer/Xcode/DerivedData/OpenTalk-cbvlrkaevdacrgbrvxdynhiruvtl/Build/Products/Debug-iphoneos -F /Users/modi/Library/Developer/Xcode/DerivedData/OpenTalk-cbvlrkaevdacrgbrvxdynhiruvtl/Build/Products/Debug-iphoneos/OpenLive2D -F /Users/modi/Library/Developer/Xcode/DerivedData/OpenTalk-cbvlrkaevdacrgbrvxdynhiruvtl/Build/Products/Debug-iphoneos/SSZipArchive -emit-localized-strings -emit-localized-strings-path /Users/modi/Library/Developer/Xcode/DerivedData/OpenTalk-cbvlrkaevdacrgbrvxdynhiruvtl/Build/Intermediates.noindex/OpenTalk.build/Debug-iphoneos/OpenTalk.build/Objects-normal/arm64 -c -j10 -enable-batch-mode -incremental -Xcc -ivfsstatcache -Xcc /Users/modi/Library/Developer/Xcode/DerivedData/SDKStatCaches.noindex/iphoneos26.2-23C53-3794476bd08197c3e2abd9bb477ef7f7.sdkstatcache -output-file-map /Users/modi/Library/Developer/Xcode/DerivedData/OpenTalk-cbvlrkaevdacrgbrvxdynhiruvtl/Build/Intermediates.noindex/OpenTalk.build/Debug-iphoneos/OpenTalk.build/Objects-normal/arm64/OpenTalk-OutputFileMap.json -use-frontend-parseable-output -save-temps -no-color-diagnostics -explicit-module-build -module-cache-path /Users/modi/Library/Developer/Xcode/DerivedData/OpenTalk-cbvlrkaevdacrgbrvxdynhiruvtl/Build/Intermediates.noindex/SwiftExplicitPrecompiledModules -clang-scanner-module-cache-path /Users/modi/Library/Developer/Xcode/DerivedData/ModuleCache.noindex -sdk-module-cache-path /Users/modi/Library/Developer/Xcode/DerivedData/ModuleCache.noindex -serialize-diagnostics -emit-dependencies -emit-module -emit-module-path /Users/modi/Library/Developer/Xcode/DerivedData/OpenTalk-cbvlrkaevdacrgbrvxdynhiruvtl/Build/Intermediates.noindex/OpenTalk.build/Debug-iphoneos/OpenTalk.build/Objects-normal/arm64/OpenTalk.swiftmodule -validate-clang-modules-once -clang-build-session-file /Users/modi/Library/Developer/Xcode/DerivedData/ModuleCache.noindex/Session.modulevalidation -Xcc -I/Users/modi/Library/Developer/Xcode/DerivedData/OpenTalk-cbvlrkaevdacrgbrvxdynhiruvtl/Build/Intermediates.noindex/OpenTalk.build/Debug-iphoneos/OpenTalk.build/swift-overrides.hmap -emit-const-values -Xfrontend -const-gather-protocols-file -Xfrontend /Users/modi/Library/Developer/Xcode/DerivedData/OpenTalk-cbvlrkaevdacrgbrvxdynhiruvtl/Build/Intermediates.noindex/OpenTalk.build/Debug-iphoneos/OpenTalk.build/Objects-normal/arm64/OpenTalk_const_extract_protocols.json -Xcc -iquote -Xcc /Users/modi/Library/Developer/Xcode/DerivedData/OpenTalk-cbvlrkaevdacrgbrvxdynhiruvtl/Build/Intermediates.noindex/OpenTalk.build/Debug-iphoneos/OpenTalk.build/OpenTalk-generated-files.hmap -Xcc -I/Users/modi/Library/Developer/Xcode/DerivedData/OpenTalk-cbvlrkaevdacrgbrvxdynhiruvtl/Build/Intermediates.noindex/OpenTalk.build/Debug-iphoneos/OpenTalk.build/OpenTalk-own-target-headers.hmap -Xcc -I/Users/modi/Library/Developer/Xcode/DerivedData/OpenTalk-cbvlrkaevdacrgbrvxdynhiruvtl/Build/Intermediates.noindex/OpenTalk.build/Debug-iphoneos/OpenTalk.build/OpenTalk-all-non-framework-target-headers.hmap -Xcc -ivfsoverlay -Xcc /Users/modi/Library/Developer/Xcode/DerivedData/OpenTalk-cbvlrkaevdacrgbrvxdynhiruvtl/Build/Intermediates.noindex/OpenTalk.build/Debug-iphoneos/OpenTalk-5ca69f3134875216605033ea737edfe2-VFS-iphoneos/all-product-headers.yaml -Xcc -iquote -Xcc /Users/modi/Library/Developer/Xcode/DerivedData/OpenTalk-cbvlrkaevdacrgbrvxdynhiruvtl/Build/Intermediates.noindex/OpenTalk.build/Debug-iphoneos/OpenTalk.build/OpenTalk-project-headers.hmap -Xcc -I/Users/modi/Library/Developer/Xcode/DerivedData/OpenTalk-cbvlrkaevdacrgbrvxdynhiruvtl/Build/Products/Debug-iphoneos/include -Xcc -I/Users/modi/Library/Developer/Xcode/DerivedData/OpenTalk-cbvlrkaevdacrgbrvxdynhiruvtl/Build/Products/Debug-iphoneos/OpenLive2D/OpenLive2D.framework/Headers -Xcc -I/Users/modi/Library/Developer/Xcode/DerivedData/OpenTalk-cbvlrkaevdacrgbrvxdynhiruvtl/Build/Products/Debug-iphoneos/SSZipArchive/SSZipArchive.framework/Headers -Xcc -I/Users/modi/Documents/数据迁移/xcode/Project/MainApp/mojikaiwa-ios/MojiTalk/Pods/OpenLive2D/Core/include -Xcc -I/Users/modi/Documents/数据迁移/xcode/Project/MainApp/mojikaiwa-ios/MojiTalk/Pods/OpenLive2D/Framework/src -Xcc -I/Users/modi/Documents/数据迁移/xcode/Project/MainApp/mojikaiwa-ios/MojiTalk/Pods/OpenLive2D/Bridge -Xcc -I/Users/modi/Documents/数据迁移/xcode/Project/MainApp/mojikaiwa-ios/MojiTalk/Pods/OpenLive2D/MotionSync/Framework/src -Xcc -I/Users/modi/Documents/数据迁移/xcode/Project/MainApp/mojikaiwa-ios/MojiTalk/Pods/OpenLive2D/MotionSync/Core/include -Xcc -I/Users/modi/Library/Developer/Xcode/DerivedData/OpenTalk-cbvlrkaevdacrgbrvxdynhiruvtl/Build/Intermediates.noindex/OpenTalk.build/Debug-iphoneos/OpenTalk.build/DerivedSources-normal/arm64 -Xcc -I/Users/modi/Library/Developer/Xcode/DerivedData/OpenTalk-cbvlrkaevdacrgbrvxdynhiruvtl/Build/Intermediates.noindex/OpenTalk.build/Debug-iphoneos/OpenTalk.build/DerivedSources/arm64 -Xcc -I/Users/modi/Library/Developer/Xcode/DerivedData/OpenTalk-cbvlrkaevdacrgbrvxdynhiruvtl/Build/Intermediates.noindex/OpenTalk.build/Debug-iphoneos/OpenTalk.build/DerivedSources -Xcc -DDEBUG\=1 -Xcc -DCOCOAPODS\=1 -emit-objc-header -emit-objc-header-path /Users/modi/Library/Developer/Xcode/DerivedData/OpenTalk-cbvlrkaevdacrgbrvxdynhiruvtl/Build/Intermediates.noindex/OpenTalk.build/Debug-iphoneos/OpenTalk.build/Objects-normal/arm64/OpenTalk-Swift.h -working-directory /Users/modi/Documents/数据迁移/xcode/Project/MainApp/mojikaiwa-ios/MojiTalk -experimental-emit-module-separately -disable-cmo

Copy /Users/modi/Library/Developer/Xcode/DerivedData/OpenTalk-cbvlrkaevdacrgbrvxdynhiruvtl/Build/Products/Debug-iphoneos/OpenTalk.swiftmodule/arm64-apple-ios.abi.json /Users/modi/Library/Developer/Xcode/DerivedData/OpenTalk-cbvlrkaevdacrgbrvxdynhiruvtl/Build/Intermediates.noindex/OpenTalk.build/Debug-iphoneos/OpenTalk.build/Objects-normal/arm64/OpenTalk.abi.json (in target 'OpenTalk' from project 'OpenTalk')
    cd /Users/modi/Documents/数据迁移/xcode/Project/MainApp/mojikaiwa-ios/MojiTalk
    builtin-copy -exclude .DS_Store -exclude CVS -exclude .svn -exclude .git -exclude .hg -resolve-src-symlinks -rename /Users/modi/Library/Developer/Xcode/DerivedData/OpenTalk-cbvlrkaevdacrgbrvxdynhiruvtl/Build/Intermediates.noindex/OpenTalk.build/Debug-iphoneos/OpenTalk.build/Objects-normal/arm64/OpenTalk.abi.json /Users/modi/Library/Developer/Xcode/DerivedData/OpenTalk-cbvlrkaevdacrgbrvxdynhiruvtl/Build/Products/Debug-iphoneos/OpenTalk.swiftmodule/arm64-apple-ios.abi.json

warning: Run script build phase 'Create Symlinks to Header Folders' will be run during every build because it does not specify any outputs. To address this issue, either add output dependencies to the script phase, or configure it to run in every build by unchecking "Based on dependency analysis" in the script phase. (in target 'OpenLive2D' from project 'Pods')
** BUILD FAILED **


The following build commands failed:
	SwiftCompile normal arm64 Compiling\ SSIService.swift /Users/modi/Documents/数据迁移/xcode/Project/MainApp/mojikaiwa-ios/MojiTalk/OpenTalk/Source/Services/SSIService.swift (in target 'OpenTalk' from project 'OpenTalk')
	SwiftCompile normal arm64 /Users/modi/Documents/数据迁移/xcode/Project/MainApp/mojikaiwa-ios/MojiTalk/OpenTalk/Source/Services/SSIService.swift (in target 'OpenTalk' from project 'OpenTalk')
	Building workspace OpenTalk with scheme OpenTalk and configuration Debug
(3 failures)
